Component: ARM Compiler 5.06 update 7 (build 960) Tool: armlink [4d3601]

==============================================================================

Section Cross References

    startup_stm32f410rx.o(RESET) refers to startup_stm32f410rx.o(STACK) for __initial_sp
    startup_stm32f410rx.o(RESET) refers to startup_stm32f410rx.o(.text) for Reset_Handler
    startup_stm32f410rx.o(RESET) refers to stm32f4xx_it.o(i.NMI_Handler) for NMI_Handler
    startup_stm32f410rx.o(RESET) refers to stm32f4xx_it.o(i.HardFault_Handler) for HardFault_Handler
    startup_stm32f410rx.o(RESET) refers to stm32f4xx_it.o(i.MemManage_Handler) for MemManage_Handler
    startup_stm32f410rx.o(RESET) refers to stm32f4xx_it.o(i.BusFault_Handler) for BusFault_Handler
    startup_stm32f410rx.o(RESET) refers to stm32f4xx_it.o(i.UsageFault_Handler) for UsageFault_Handler
    startup_stm32f410rx.o(RESET) refers to stm32f4xx_it.o(i.SVC_Handler) for SVC_Handler
    startup_stm32f410rx.o(RESET) refers to stm32f4xx_it.o(i.DebugMon_Handler) for DebugMon_Handler
    startup_stm32f410rx.o(RESET) refers to stm32f4xx_it.o(i.PendSV_Handler) for PendSV_Handler
    startup_stm32f410rx.o(RESET) refers to stm32f4xx_it.o(i.SysTick_Handler) for SysTick_Handler
    startup_stm32f410rx.o(.text) refers to system_stm32f4xx.o(i.SystemInit) for SystemInit
    startup_stm32f410rx.o(.text) refers to entry.o(.ARM.Collect$$$$00000000) for __main
    nm_bsp_samd21.o(i.nm_bsp_init) refers to nm_bsp_samd21.o(i.nm_bsp_reset) for nm_bsp_reset
    nm_bsp_samd21.o(i.nm_bsp_reset) refers to stm32f4xx_hal_gpio.o(i.HAL_GPIO_WritePin) for HAL_GPIO_WritePin
    nm_bsp_samd21.o(i.nm_bsp_reset) refers to stm32f4xx_hal.o(i.HAL_Delay) for HAL_Delay
    nm_bsp_samd21.o(i.nm_bsp_sleep) refers to stm32f4xx_hal.o(i.HAL_Delay) for HAL_Delay
    nm_bus_wrapper_samd21.o(i.nm_bus_init) refers to nm_bsp_samd21.o(i.nm_bsp_reset) for nm_bsp_reset
    nm_bus_wrapper_samd21.o(i.nm_bus_init) refers to nm_bsp_samd21.o(i.nm_bsp_sleep) for nm_bsp_sleep
    nm_bus_wrapper_samd21.o(i.nm_bus_ioctl) refers to printf8.o(i.__0printf$8) for __2printf
    nm_bus_wrapper_samd21.o(i.nm_bus_ioctl) refers to nm_bus_wrapper_samd21.o(i.spi_rw) for spi_rw
    nm_bus_wrapper_samd21.o(i.nm_bus_ioctl) refers to nm_bus_wrapper_samd21.o(.constdata) for .constdata
    nm_bus_wrapper_samd21.o(i.spi_rw) refers to stm32f4xx_hal_gpio.o(i.HAL_GPIO_WritePin) for HAL_GPIO_WritePin
    nm_bus_wrapper_samd21.o(i.spi_rw) refers to stm32f4xx_hal_spi.o(i.HAL_SPI_TransmitReceive) for HAL_SPI_TransmitReceive
    nm_bus_wrapper_samd21.o(i.spi_rw) refers to nm_bus_wrapper_samd21.o(.bss) for .bss
    nm_common.o(i.m2m_strstr) refers to nm_common.o(i.m2m_strlen) for m2m_strlen
    nm_common.o(i.m2m_strstr) refers to nm_common.o(i.m2m_strncmp) for m2m_strncmp
    m2m_hif.o(i.hif_chip_sleep) refers to nmbus.o(i.nm_write_reg) for nm_write_reg
    m2m_hif.o(i.hif_chip_sleep) refers to nmbus.o(i.nm_read_reg_with_ret) for nm_read_reg_with_ret
    m2m_hif.o(i.hif_chip_sleep) refers to m2m_hif.o(.data) for .data
    m2m_hif.o(i.hif_chip_wake) refers to nmasic.o(i.nm_clkless_wake) for nm_clkless_wake
    m2m_hif.o(i.hif_chip_wake) refers to nmbus.o(i.nm_write_reg) for nm_write_reg
    m2m_hif.o(i.hif_chip_wake) refers to m2m_hif.o(.data) for .data
    m2m_hif.o(i.hif_deinit) refers to m2m_hif.o(i.hif_chip_wake) for hif_chip_wake
    m2m_hif.o(i.hif_deinit) refers to m2m_hif.o(.data) for .data
    m2m_hif.o(i.hif_get_sleep_mode) refers to m2m_hif.o(.data) for .data
    m2m_hif.o(i.hif_handle_isr) refers to m2m_hif.o(i.hif_isr) for hif_isr
    m2m_hif.o(i.hif_handle_isr) refers to printf8.o(i.__0printf$8) for __2printf
    m2m_hif.o(i.hif_handle_isr) refers to m2m_hif.o(.data) for .data
    m2m_hif.o(i.hif_handle_isr) refers to m2m_hif.o(.constdata) for .constdata
    m2m_hif.o(i.hif_init) refers to nm_bsp_samd21.o(i.nm_bsp_register_isr) for nm_bsp_register_isr
    m2m_hif.o(i.hif_init) refers to m2m_hif.o(i.hif_register_cb) for hif_register_cb
    m2m_hif.o(i.hif_init) refers to m2m_hif.o(.data) for .data
    m2m_hif.o(i.hif_init) refers to m2m_hif.o(i.isr) for isr
    m2m_hif.o(i.hif_init) refers to m2m_hif.o(i.m2m_hif_cb) for m2m_hif_cb
    m2m_hif.o(i.hif_isr) refers to m2m_hif.o(i.hif_chip_wake) for hif_chip_wake
    m2m_hif.o(i.hif_isr) refers to printf8.o(i.__0printf$8) for __2printf
    m2m_hif.o(i.hif_isr) refers to nmbus.o(i.nm_read_reg_with_ret) for nm_read_reg_with_ret
    m2m_hif.o(i.hif_isr) refers to nm_bsp_samd21.o(i.nm_bsp_interrupt_ctrl) for nm_bsp_interrupt_ctrl
    m2m_hif.o(i.hif_isr) refers to nmbus.o(i.nm_write_reg) for nm_write_reg
    m2m_hif.o(i.hif_isr) refers to nmbus.o(i.nm_read_block) for nm_read_block
    m2m_hif.o(i.hif_isr) refers to m2m_hif.o(i.hif_set_rx_done) for hif_set_rx_done
    m2m_hif.o(i.hif_isr) refers to m2m_hif.o(i.hif_chip_sleep) for hif_chip_sleep
    m2m_hif.o(i.hif_isr) refers to m2m_hif.o(.constdata) for .constdata
    m2m_hif.o(i.hif_isr) refers to m2m_hif.o(.data) for .data
[...]
    Removing stm32f4xx_hal_pwr.o(i.HAL_PWR_ConfigPVD), (124 bytes).
    Removing stm32f4xx_hal_pwr.o(i.HAL_PWR_DeInit), (24 bytes).
    Removing stm32f4xx_hal_pwr.o(i.HAL_PWR_DisableBkUpAccess), (12 bytes).
    Removing stm32f4xx_hal_pwr.o(i.HAL_PWR_DisablePVD), (12 bytes).
    Removing stm32f4xx_hal_pwr.o(i.HAL_PWR_DisableSEVOnPend), (16 bytes).
    Removing stm32f4xx_hal_pwr.o(i.HAL_PWR_DisableSleepOnExit), (16 bytes).
    Removing stm32f4xx_hal_pwr.o(i.HAL_PWR_DisableWakeUpPin), (16 bytes).
    Removing stm32f4xx_hal_pwr.o(i.HAL_PWR_EnableBkUpAccess), (12 bytes).
    Removing stm32f4xx_hal_pwr.o(i.HAL_PWR_EnablePVD), (12 bytes).
    Removing stm32f4xx_hal_pwr.o(i.HAL_PWR_EnableSEVOnPend), (16 bytes).
    Removing stm32f4xx_hal_pwr.o(i.HAL_PWR_EnableSleepOnExit), (16 bytes).
    Removing stm32f4xx_hal_pwr.o(i.HAL_PWR_EnableWakeUpPin), (16 bytes).
    Removing stm32f4xx_hal_pwr.o(i.HAL_PWR_EnterSLEEPMode), (32 bytes).
    Removing stm32f4xx_hal_pwr.o(i.HAL_PWR_EnterSTANDBYMode), (32 bytes).
    Removing stm32f4xx_hal_pwr.o(i.HAL_PWR_EnterSTOPMode), (56 bytes).
    Removing stm32f4xx_hal_pwr.o(i.HAL_PWR_PVDCallback), (2 bytes).
    Removing stm32f4xx_hal_pwr.o(i.HAL_PWR_PVD_IRQHandler), (28 bytes).
    Removing stm32f4xx_hal_pwr_ex.o(.rev16_text), (4 bytes).
    Removing stm32f4xx_hal_pwr_ex.o(.revsh_text), (4 bytes).
    Removing stm32f4xx_hal_pwr_ex.o(.rrx_text), (6 bytes).
    Removing stm32f4xx_hal_pwr_ex.o(i.HAL_PWREx_ControlVoltageScaling), (176 bytes).
    Removing stm32f4xx_hal_pwr_ex.o(i.HAL_PWREx_DisableBkUpReg), (60 bytes).
    Removing stm32f4xx_hal_pwr_ex.o(i.HAL_PWREx_DisableFlashPowerDown), (12 bytes).
    Removing stm32f4xx_hal_pwr_ex.o(i.HAL_PWREx_DisableLowRegulatorLowVoltage), (12 bytes).
    Removing stm32f4xx_hal_pwr_ex.o(i.HAL_PWREx_DisableMainRegulatorLowVoltage), (12 bytes).
    Removing stm32f4xx_hal_pwr_ex.o(i.HAL_PWREx_EnableBkUpReg), (60 bytes).
    Removing stm32f4xx_hal_pwr_ex.o(i.HAL_PWREx_EnableFlashPowerDown), (12 bytes).
    Removing stm32f4xx_hal_pwr_ex.o(i.HAL_PWREx_EnableLowRegulatorLowVoltage), (12 bytes).
    Removing stm32f4xx_hal_pwr_ex.o(i.HAL_PWREx_EnableMainRegulatorLowVoltage), (12 bytes).
    Removing stm32f4xx_hal_pwr_ex.o(i.HAL_PWREx_GetVoltageRange), (16 bytes).
    Removing stm32f4xx_hal_cortex.o(.rev16_text), (4 bytes).
    Removing stm32f4xx_hal_cortex.o(.revsh_text), (4 bytes).
    Removing stm32f4xx_hal_cortex.o(.rrx_text), (6 bytes).
    Removing stm32f4xx_hal_cortex.o(i.HAL_MPU_ConfigRegion), (84 bytes).
    Removing stm32f4xx_hal_cortex.o(i.HAL_MPU_Disable), (28 bytes).
    Removing stm32f4xx_hal_cortex.o(i.HAL_MPU_Enable), (36 bytes).
    Removing stm32f4xx_hal_cortex.o(i.HAL_NVIC_ClearPendingIRQ), (26 bytes).
    Removing stm32f4xx_hal_cortex.o(i.HAL_NVIC_DisableIRQ), (34 bytes).
    Removing stm32f4xx_hal_cortex.o(i.HAL_NVIC_EnableIRQ), (26 bytes).
    Removing stm32f4xx_hal_cortex.o(i.HAL_NVIC_GetActive), (36 bytes).
    Removing stm32f4xx_hal_cortex.o(i.HAL_NVIC_GetPendingIRQ), (36 bytes).
    Removing stm32f4xx_hal_cortex.o(i.HAL_NVIC_GetPriority), (82 bytes).
    Removing stm32f4xx_hal_cortex.o(i.HAL_NVIC_GetPriorityGrouping), (16 bytes).
    Removing stm32f4xx_hal_cortex.o(i.HAL_NVIC_SetPendingIRQ), (26 bytes).
    Removing stm32f4xx_hal_cortex.o(i.HAL_NVIC_SystemReset), (36 bytes).
    Removing stm32f4xx_hal_cortex.o(i.HAL_SYSTICK_CLKSourceConfig), (24 bytes).
    Removing stm32f4xx_hal_cortex.o(i.HAL_SYSTICK_Callback), (2 bytes).
    Removing stm32f4xx_hal_cortex.o(i.HAL_SYSTICK_IRQHandler), (8 bytes).
    Removing stm32f4xx_hal.o(.rev16_text), (4 bytes).
    Removing stm32f4xx_hal.o(.revsh_text), (4 bytes).
    Removing stm32f4xx_hal.o(.rrx_text), (6 bytes).
    Removing stm32f4xx_hal.o(i.HAL_DBGMCU_DisableDBGSleepMode), (16 bytes).
    Removing stm32f4xx_hal.o(i.HAL_DBGMCU_DisableDBGStandbyMode), (16 bytes).
    Removing stm32f4xx_hal.o(i.HAL_DBGMCU_DisableDBGStopMode), (16 bytes).
    Removing stm32f4xx_hal.o(i.HAL_DBGMCU_EnableDBGSleepMode), (16 bytes).
    Removing stm32f4xx_hal.o(i.HAL_DBGMCU_EnableDBGStandbyMode), (16 bytes).
    Removing stm32f4xx_hal.o(i.HAL_DBGMCU_EnableDBGStopMode), (16 bytes).
    Removing stm32f4xx_hal.o(i.HAL_DeInit), (40 bytes).
    Removing stm32f4xx_hal.o(i.HAL_DisableCompensationCell), (12 bytes).
    Removing stm32f4xx_hal.o(i.HAL_EnableCompensationCell), (12 bytes).
    Removing stm32f4xx_hal.o(i.HAL_GetDEVID), (16 bytes).
    Removing stm32f4xx_hal.o(i.HAL_GetHalVersion), (8 bytes).
    Removing stm32f4xx_hal.o(i.HAL_GetREVID), (12 bytes).
    Removing stm32f4xx_hal.o(i.HAL_GetTickFreq), (12 bytes).
    Removing stm32f4xx_hal.o(i.HAL_GetTickPrio), (12 bytes).
    Removing stm32f4xx_hal.o(i.HAL_GetUIDw0), (12 bytes).
    Removing stm32f4xx_hal.o(i.HAL_GetUIDw1), (12 bytes).
    Removing stm32f4xx_hal.o(i.HAL_GetUIDw2), (12 bytes).
    Removing stm32f4xx_hal.o(i.HAL_MspDeInit), (2 bytes).
    Removing stm32f4xx_hal.o(i.HAL_MspInit), (2 bytes).
    Removing stm32f4xx_hal.o(i.HAL_ResumeTick), (14 bytes).
    Removing stm32f4xx_hal.o(i.HAL_SetTickFreq), (36 bytes).
    Removing stm32f4xx_hal.o(i.HAL_SuspendTick), (14 bytes).
    Removing stm32f4xx_hal_exti.o(.rev16_text), (4 bytes).
    Removing stm32f4xx_hal_exti.o(.revsh_text), (4 bytes).
    Removing stm32f4xx_hal_exti.o(.rrx_text), (6 bytes).
    Removing stm32f4xx_hal_exti.o(i.HAL_EXTI_ClearConfigLine), (108 bytes).
    Removing stm32f4xx_hal_exti.o(i.HAL_EXTI_ClearPending), (20 bytes).
    Removing stm32f4xx_hal_exti.o(i.HAL_EXTI_GenerateSWI), (20 bytes).
    Removing stm32f4xx_hal_exti.o(i.HAL_EXTI_GetConfigLine), (156 bytes).
    Removing stm32f4xx_hal_exti.o(i.HAL_EXTI_GetHandle), (12 bytes).
    Removing stm32f4xx_hal_exti.o(i.HAL_EXTI_GetPending), (24 bytes).
    Removing stm32f4xx_hal_exti.o(i.HAL_EXTI_IRQHandler), (36 bytes).
    Removing stm32f4xx_hal_exti.o(i.HAL_EXTI_RegisterCallback), (14 bytes).
    Removing stm32f4xx_hal_exti.o(i.HAL_EXTI_SetConfigLine), (168 bytes).
    Removing stm32f4xx_hal_tim.o(.rev16_text), (4 bytes).
    Removing stm32f4xx_hal_tim.o(.revsh_text), (4 bytes).
    Removing stm32f4xx_hal_tim.o(.rrx_text), (6 bytes).
    Removing stm32f4xx_hal_tim_ex.o(.rev16_text), (4 bytes).
    Removing stm32f4xx_hal_tim_ex.o(.revsh_text), (4 bytes).
    Removing stm32f4xx_hal_tim_ex.o(.rrx_text), (6 bytes).
    Removing stm32f4xx_hal_uart.o(.rev16_text), (4 bytes).
    Removing stm32f4xx_hal_uart.o(.revsh_text), (4 bytes).
    Removing stm32f4xx_hal_uart.o(.rrx_text), (6 bytes).
    Removing stm32f4xx_hal_uart.o(i.HAL_HalfDuplex_EnableReceiver), (50 bytes).
    Removing stm32f4xx_hal_uart.o(i.HAL_HalfDuplex_EnableTransmitter), (50 bytes).
    Removing stm32f4xx_hal_uart.o(i.HAL_HalfDuplex_Init), (108 bytes).
    Removing stm32f4xx_hal_uart.o(i.HAL_LIN_Init), (128 bytes).
    Removing stm32f4xx_hal_uart.o(i.HAL_LIN_SendBreak), (46 bytes).
    Removing stm32f4xx_hal_uart.o(i.HAL_MultiProcessor_EnterMuteMode), (46 bytes).
    Removing stm32f4xx_hal_uart.o(i.HAL_MultiProcessor_ExitMuteMode), (46 bytes).
    Removing stm32f4xx_hal_uart.o(i.HAL_MultiProcessor_Init), (142 bytes).
    Removing stm32f4xx_hal_uart.o(i.HAL_UART_Abort), (138 bytes).
    Removing stm32f4xx_hal_uart.o(i.HAL_UART_AbortCpltCallback), (2 bytes).
    Removing stm32f4xx_hal_uart.o(i.HAL_UART_AbortReceive), (88 bytes).
    Removing stm32f4xx_hal_uart.o(i.HAL_UART_AbortReceiveCpltCallback), (2 bytes).
    Removing stm32f4xx_hal_uart.o(i.HAL_UART_AbortReceive_IT), (92 bytes).
    Removing stm32f4xx_hal_uart.o(i.HAL_UART_AbortTransmit), (78 bytes).
    Removing stm32f4xx_hal_uart.o(i.HAL_UART_AbortTransmitCpltCallback), (2 bytes).
    Removing stm32f4xx_hal_uart.o(i.HAL_UART_AbortTransmit_IT), (84 bytes).
    Removing stm32f4xx_hal_uart.o(i.HAL_UART_Abort_IT), (172 bytes).
    Removing stm32f4xx_hal_uart.o(i.HAL_UART_DMAPause), (102 bytes).
    Removing stm32f4xx_hal_uart.o(i.HAL_UART_DMAResume), (94 bytes).
    Removing stm32f4xx_hal_uart.o(i.HAL_UART_DMAStop), (88 bytes).
    Removing stm32f4xx_hal_uart.o(i.HAL_UART_DeInit), (50 bytes).
    Removing stm32f4xx_hal_uart.o(i.HAL_UART_ErrorCallback), (2 bytes).
    Removing stm32f4xx_hal_uart.o(i.HAL_UART_GetError), (4 bytes).
    Removing stm32f4xx_hal_uart.o(i.HAL_UART_GetState), (10 bytes).
    Removing stm32f4xx_hal_uart.o(i.HAL_UART_IRQHandler), (276 bytes).
    Removing stm32f4xx_hal_uart.o(i.HAL_UART_MspDeInit), (2 bytes).
    Removing stm32f4xx_hal_uart.o(i.HAL_UART_MspInit), (2 bytes).
    Removing stm32f4xx_hal_uart.o(i.HAL_UART_Receive), (190 bytes).
    Removing stm32f4xx_hal_uart.o(i.HAL_UART_Receive_DMA), (152 bytes).
    Removing stm32f4xx_hal_uart.o(i.HAL_UART_Receive_IT), (82 bytes).
    Removing stm32f4xx_hal_uart.o(i.HAL_UART_RxCpltCallback), (2 bytes).
    Removing stm32f4xx_hal_uart.o(i.HAL_UART_RxHalfCpltCallback), (2 bytes).
    Removing stm32f4xx_hal_uart.o(i.HAL_UART_Transmit), (186 bytes).
    Removing stm32f4xx_hal_uart.o(i.HAL_UART_Transmit_DMA), (128 bytes).
    Removing stm32f4xx_hal_uart.o(i.HAL_UART_Transmit_IT), (62 bytes).
    Removing stm32f4xx_hal_uart.o(i.HAL_UART_TxCpltCallback), (2 bytes).
    Removing stm32f4xx_hal_uart.o(i.HAL_UART_TxHalfCpltCallback), (2 bytes).
    Removing stm32f4xx_hal_uart.o(i.UART_DMAAbortOnError), (16 bytes).
    Removing stm32f4xx_hal_uart.o(i.UART_DMAError), (74 bytes).
    Removing stm32f4xx_hal_uart.o(i.UART_DMAReceiveCplt), (60 bytes).
    Removing stm32f4xx_hal_uart.o(i.UART_DMARxAbortCallback), (42 bytes).
    Removing stm32f4xx_hal_uart.o(i.UART_DMARxHalfCplt), (10 bytes).
    Removing stm32f4xx_hal_uart.o(i.UART_DMARxOnlyAbortCallback), (20 bytes).
    Removing stm32f4xx_hal_uart.o(i.UART_DMATransmitCplt), (46 bytes).
    Removing stm32f4xx_hal_uart.o(i.UART_DMATxAbortCallback), (42 bytes).
    Removing stm32f4xx_hal_uart.o(i.UART_DMATxHalfCplt), (10 bytes).
    Removing stm32f4xx_hal_uart.o(i.UART_DMATxOnlyAbortCallback), (20 bytes).
    Removing stm32f4xx_hal_uart.o(i.UART_EndRxTransfer), (28 bytes).
    Removing stm32f4xx_hal_uart.o(i.UART_EndTxTransfer), (18 bytes).
    Removing stm32f4xx_hal_uart.o(i.UART_Receive_IT), (150 bytes).
    Removing stm32f4xx_hal_uart.o(i.UART_Transmit_IT), (98 bytes).
    Removing stm32f4xx_hal_uart.o(i.UART_WaitOnFlagUntilTimeout), (100 bytes).
    Removing system_stm32f4xx.o(.rev16_text), (4 bytes).
    Removing system_stm32f4xx.o(.revsh_text), (4 bytes).
    Removing system_stm32f4xx.o(.rrx_text), (6 bytes).
    Removing system_stm32f4xx.o(i.SystemCoreClockUpdate), (120 bytes).
    Removing dadd.o(.text), (334 bytes).
    Removing dmul.o(.text), (228 bytes).
    Removing ddiv.o(.text), (222 bytes).
    Removing dfixul.o(.text), (48 bytes).
    Removing cdrcmple.o(.text), (48 bytes).
    Removing depilogue.o(.text), (186 bytes).

482 unused section(s) (total 28680 bytes) removed from the image.

==============================================================================

Image Symbol Table

    Local Symbols

    Symbol Name                              Value     Ov Type        Size  Object(Section)

    ../Core/Src/main.c                       0x00000000   Number         0  main.o ABSOLUTE
    ../Core/Src/stm32f4xx_hal_msp.c          0x00000000   Number         0  stm32f4xx_hal_msp.o ABSOLUTE
    ../Core/Src/stm32f4xx_it.c               0x00000000   Number         0  stm32f4xx_it.o ABSOLUTE
    ../Core/Src/system_stm32f4xx.c           0x00000000   Number         0  system_stm32f4xx.o ABSOLUTE
    ../Drivers/STM32F4xx_HAL_Driver/Src/stm32f4xx_hal.c 0x00000000   Number         0  stm32f4xx_hal.o ABSOLUTE
    ../Drivers/STM32F4xx_HAL_Driver/Src/stm32f4xx_hal_cortex.c 0x00000000   Number         0  stm32f4xx_hal_cortex.o ABSOLUTE
    ../Drivers/STM32F4xx_HAL_Driver/Src/stm32f4xx_hal_dma.c 0x00000000   Number         0  stm32f4xx_hal_dma.o ABSOLUTE
    ../Drivers/STM32F4xx_HAL_Driver/Src/stm32f4xx_hal_dma_ex.c 0x00000000   Number         0  stm32f4xx_hal_dma_ex.o ABSOLUTE
    ../Drivers/STM32F4xx_HAL_Driver/Src/stm32f4xx_hal_exti.c 0x00000000   Number         0  stm32f4xx_hal_exti.o ABSOLUTE
    ../Drivers/STM32F4xx_HAL_Driver/Src/stm32f4xx_hal_flash.c 0x00000000   Number         0  stm32f4xx_hal_flash.o ABSOLUTE
    ../Drivers/STM32F4xx_HAL_Driver/Src/stm32f4xx_hal_flash_ex.c 0x00000000   Number         0  stm32f4xx_hal_flash_ex.o ABSOLUTE
    ../Drivers/STM32F4xx_HAL_Driver/Src/stm32f4xx_hal_flash_ramfunc.c 0x00000000   Number         0  stm32f4xx_hal_flash_ramfunc.o ABSOLUTE
    ../Drivers/STM32F4xx_HAL_Driver/Src/stm32f4xx_hal_gpio.c 0x00000000   Number         0  stm32f4xx_hal_gpio.o ABSOLUTE
    ../Drivers/STM32F4xx_HAL_Driver/Src/stm32f4xx_hal_pwr.c 0x00000000   Number         0  stm32f4xx_hal_pwr.o ABSOLUTE
    ../Drivers/STM32F4xx_HAL_Driver/Src/stm32f4xx_hal_pwr_ex.c 0x00000000   Number         0  stm32f4xx_hal_pwr_ex.o ABSOLUTE
    ../Drivers/STM32F4xx_HAL_Driver/Src/stm32f4xx_hal_rcc.c 0x00000000   Number         0  stm32f4xx_hal_rcc.o ABSOLUTE
    ../Drivers/STM32F4xx_HAL_Driver/Src/stm32f4xx_hal_rcc_ex.c 0x00000000   Number         0  stm32f4xx_hal_rcc_ex.o ABSOLUTE
    ../Drivers/STM32F4xx_HAL_Driver/Src/stm32f4xx_hal_spi.c 0x00000000   Number         0  stm32f4xx_hal_spi.o ABSOLUTE
    ../Drivers/STM32F4xx_HAL_Driver/Src/stm32f4xx_hal_tim.c 0x00000000   Number         0  stm32f4xx_hal_tim.o ABSOLUTE
    ../Drivers/STM32F4xx_HAL_Driver/Src/stm32f4xx_hal_tim_ex.c 0x00000000   Number         0  stm32f4xx_hal_tim_ex.o ABSOLUTE
    ../Drivers/STM32F4xx_HAL_Driver/Src/stm32f4xx_hal_uart.c 0x00000000   Number         0  stm32f4xx_hal_uart.o ABSOLUTE
    ../clib/microlib/division.c              0x00000000   Number         0  uldiv.o ABSOLUTE
    ../clib/microlib/division.c              0x00000000   Number         0  uidiv.o ABSOLUTE
    ../clib/microlib/init/entry.s            0x00000000   Number         0  entry5.o ABSOLUTE
    ../clib/microlib/init/entry.s            0x00000000   Number         0  entry7a.o ABSOLUTE
    ../clib/microlib/init/entry.s            0x00000000   Number         0  entry7b.o ABSOLUTE
    ../clib/microlib/init/entry.s            0x00000000   Number         0  entry8a.o ABSOLUTE
    ../clib/microlib/init/entry.s            0x00000000   Number         0  entry8b.o ABSOLUTE
    ../clib/microlib/init/entry.s            0x00000000   Number         0  entry9a.o ABSOLUTE
    ../clib/microlib/init/entry.s            0x00000000   Number         0  entry.o ABSOLUTE
    ../clib/microlib/init/entry.s            0x00000000   Number         0  entry9b.o ABSOLUTE
    ../clib/microlib/init/entry.s            0x00000000   Number         0  entry10a.o ABSOLUTE
    ../clib/microlib/init/entry.s            0x00000000   Number         0  entry10b.o ABSOLUTE
    ../clib/microlib/init/entry.s            0x00000000   Number         0  entry11a.o ABSOLUTE
    ../clib/microlib/init/entry.s            0x00000000   Number         0  entry2.o ABSOLUTE
    ../clib/microlib/init/entry.s            0x00000000   Number         0  entry11b.o ABSOLUTE
    ../clib/microlib/init/entry.s            0x00000000   Number         0  entry12a.o ABSOLUTE
    ../clib/microlib/init/entry.s            0x00000000   Number         0  entry12b.o ABSOLUTE
    ../clib/microlib/longlong.c              0x00000000   Number         0  llsshr.o ABSOLUTE
    ../clib/microlib/longlong.c              0x00000000   Number         0  llushr.o ABSOLUTE
    ../clib/microlib/longlong.c              0x00000000   Number         0  llshl.o ABSOLUTE
    ../clib/microlib/printf/printf.c         0x00000000   Number         0  printf6.o ABSOLUTE
    ../clib/microlib/printf/printf.c         0x00000000   Number         0  printfb.o ABSOLUTE
    ../clib/microlib/printf/printf.c         0x00000000   Number         0  printf0.o ABSOLUTE
    ../clib/microlib/printf/printf.c         0x00000000   Number         0  printf1.o ABSOLUTE
    ../clib/microlib/printf/printf.c         0x00000000   Number         0  printf2.o ABSOLUTE
    ../clib/microlib/printf/printf.c         0x00000000   Number         0  printf3.o ABSOLUTE
    ../clib/microlib/printf/printf.c         0x00000000   Number         0  printf4.o ABSOLUTE
    ../clib/microlib/printf/printf.c         0x00000000   Number         0  printf5.o ABSOLUTE
    ../clib/microlib/printf/printf.c         0x00000000   Number         0  printf7.o ABSOLUTE
    ../clib/microlib/printf/printf.c         0x00000000   Number         0  printf8.o ABSOLUTE
    ../clib/microlib/printf/printf.c         0x00000000   Number         0  printfa.o ABSOLUTE
    ../clib/microlib/printf/stubs.s          0x00000000   Number         0  stubs.o ABSOLUTE
    ../clib/microlib/stdio/streams.c         0x00000000   Number         0  stdout.o ABSOLUTE
    ../clib/microlib/string/memcmp.c         0x00000000   Number         0  memcmp.o ABSOLUTE
    ../clib/microlib/string/memset.c         0x00000000   Number         0  memseta.o ABSOLUTE
    ../clib/microlib/string/strlen.c         0x00000000   Number         0  strlen.o ABSOLUTE
    ../clib/microlib/stubs.s                 0x00000000   Number         0  iusefp.o ABSOLUTE
    ../fplib/microlib/fpadd.c                0x00000000   Number         0  dadd.o ABSOLUTE
    ../fplib/microlib/fpdiv.c                0x00000000   Number         0  ddiv.o ABSOLUTE
    ../fplib/microlib/fpepilogue.c           0x00000000   Number         0  depilogue.o ABSOLUTE
    ../fplib/microlib/fpfix.c                0x00000000   Number         0  dfixul.o ABSOLUTE
    ../fplib/microlib/fpmul.c                0x00000000   Number         0  dmul.o ABSOLUTE
    ..\Core\Src\main.c                       0x00000000   Number         0  main.o ABSOLUTE
    ..\Core\Src\stm32f4xx_hal_msp.c          0x00000000   Number         0  stm32f4xx_hal_msp.o ABSOLUTE
    ..\Core\Src\stm32f4xx_it.c               0x00000000   Number         0  stm32f4xx_it.o ABSOLUTE
    ..\Core\Src\system_stm32f4xx.c           0x00000000   Number         0  system_stm32f4xx.o ABSOLUTE
    ..\Drivers\STM32F4xx_HAL_Driver\Src\stm32f4xx_hal.c 0x00000000   Number         0  stm32f4xx_hal.o ABSOLUTE
    ..\Drivers\STM32F4xx_HAL_Driver\Src\stm32f4xx_hal_cortex.c 0x00000000   Number         0  stm32f4xx_hal_cortex.o ABSOLUTE
    ..\Drivers\STM32F4xx_HAL_Driver\Src\stm32f4xx_hal_dma.c 0x00000000   Number         0  stm32f4xx_hal_dma.o ABSOLUTE
    ..\Drivers\STM32F4xx_HAL_Driver\Src\stm32f4xx_hal_dma_ex.c 0x00000000   Number         0  stm32f4xx_hal_dma_ex.o ABSOLUTE
    ..\Drivers\STM32F4xx_HAL_Driver\Src\stm32f4xx_hal_exti.c 0x00000000   Number         0  stm32f4xx_hal_exti.o ABSOLUTE
    ..\Drivers\STM32F4xx_HAL_Driver\Src\stm32f4xx_hal_flash.c 0x00000000   Number         0  stm32f4xx_hal_flash.o ABSOLUTE
    ..\Drivers\STM32F4xx_HAL_Driver\Src\stm32f4xx_hal_flash_ex.c 0x00000000   Number         0  stm32f4xx_hal_flash_ex.o ABSOLUTE
    ..\Drivers\STM32F4xx_HAL_Driver\Src\stm32f4xx_hal_flash_ramfunc.c 0x00000000   Number         0  stm32f4xx_hal_flash_ramfunc.o ABSOLUTE
    ..\Drivers\STM32F4xx_HAL_Driver\Src\stm32f4xx_hal_gpio.c 0x00000000   Number         0  stm32f4xx_hal_gpio.o ABSOLUTE
    ..\Drivers\STM32F4xx_HAL_Driver\Src\stm32f4xx_hal_pwr.c 0x00000000   Number         0  stm32f4xx_hal_pwr.o ABSOLUTE
    ..\Drivers\STM32F4xx_HAL_Driver\Src\stm32f4xx_hal_pwr_ex.c 0x00000000   Number         0  stm32f4xx_hal_pwr_ex.o ABSOLUTE
    ..\Drivers\STM32F4xx_HAL_Driver\Src\stm32f4xx_hal_rcc.c 0x00000000   Number         0  stm32f4xx_hal_rcc.o ABSOLUTE
    ..\Drivers\STM32F4xx_HAL_Driver\Src\stm32f4xx_hal_rcc_ex.c 0x00000000   Number         0  stm32f4xx_hal_rcc_ex.o ABSOLUTE
    ..\Drivers\STM32F4xx_HAL_Driver\Src\stm32f4xx_hal_spi.c 0x00000000   Number         0  stm32f4xx_hal_spi.o ABSOLUTE
    ..\Drivers\STM32F4xx_HAL_Driver\Src\stm32f4xx_hal_tim.c 0x00000000   Number         0  stm32f4xx_hal_tim.o ABSOLUTE
    ..\Drivers\STM32F4xx_HAL_Driver\Src\stm32f4xx_hal_tim_ex.c 0x00000000   Number         0  stm32f4xx_hal_tim_ex.o ABSOLUTE
    ..\Drivers\STM32F4xx_HAL_Driver\Src\stm32f4xx_hal_uart.c 0x00000000   Number         0  stm32f4xx_hal_uart.o ABSOLUTE
    ..\\bsp\\source\\nm_bsp_samd21.c         0x00000000   Number         0  nm_bsp_samd21.o ABSOLUTE
    ..\\bus_wrapper\\source\\nm_bus_wrapper_samd21.c 0x00000000   Number         0  nm_bus_wrapper_samd21.o ABSOLUTE
    ..\\common\\source\\nm_common.c          0x00000000   Number         0  nm_common.o ABSOLUTE
    ..\\driver\\source\\m2m_hif.c            0x00000000   Number         0  m2m_hif.o ABSOLUTE
    ..\\driver\\source\\m2m_ota.c            0x00000000   Number         0  m2m_ota.o ABSOLUTE
    ..\\driver\\source\\m2m_periph.c         0x00000000   Number         0  m2m_periph.o ABSOLUTE
    ..\\driver\\source\\m2m_wifi.c           0x00000000   Number         0  m2m_wifi.o ABSOLUTE
    ..\\driver\\source\\nmasic.c             0x00000000   Number         0  nmasic.o ABSOLUTE
    ..\\driver\\source\\nmbus.c              0x00000000   Number         0  nmbus.o ABSOLUTE
    ..\\driver\\source\\nmdrv.c              0x00000000   Number         0  nmdrv.o ABSOLUTE
    ..\\driver\\source\\nmi2c.c              0x00000000   Number         0  nmi2c.o ABSOLUTE
    ..\\driver\\source\\nmspi.c              0x00000000   Number         0  nmspi.o ABSOLUTE
    ..\\driver\\source\\nmuart.c             0x00000000   Number         0  nmuart.o ABSOLUTE
    ..\\socket\\source\\socket.c             0x00000000   Number         0  socket.o ABSOLUTE
    ..\bsp\source\nm_bsp_samd21.c            0x00000000   Number         0  nm_bsp_samd21.o ABSOLUTE
    ..\bus_wrapper\source\nm_bus_wrapper_samd21.c 0x00000000   Number         0  nm_bus_wrapper_samd21.o ABSOLUTE
    ..\common\source\nm_common.c             0x00000000   Number         0  nm_common.o ABSOLUTE
    ..\driver\source\m2m_hif.c               0x00000000   Number         0  m2m_hif.o ABSOLUTE
    ..\driver\source\m2m_ota.c               0x00000000   Number         0  m2m_ota.o ABSOLUTE
    ..\driver\source\m2m_periph.c            0x00000000   Number         0  m2m_periph.o ABSOLUTE
    ..\driver\source\m2m_wifi.c              0x00000000   Number         0  m2m_wifi.o ABSOLUTE
    ..\driver\source\nmasic.c                0x00000000   Number         0  nmasic.o ABSOLUTE
    ..\driver\source\nmbus.c                 0x00000000   Number         0  nmbus.o ABSOLUTE
    ..\driver\source\nmdrv.c                 0x00000000   Number         0  nmdrv.o ABSOLUTE
    ..\driver\source\nmi2c.c                 0x00000000   Number         0  nmi2c.o ABSOLUTE
    ..\driver\source\nmspi.c                 0x00000000   Number         0  nmspi.o ABSOLUTE
    ..\driver\source\nmuart.c                0x00000000   Number         0  nmuart.o ABSOLUTE
    ..\socket\source\socket.c                0x00000000   Number         0  socket.o ABSOLUTE
    cdrcmple.s                               0x00000000   Number         0  cdrcmple.o ABSOLUTE
    dc.s                                     0x00000000   Number         0  dc.o ABSOLUTE
    handlers.s                               0x00000000   Number         0  handlers.o ABSOLUTE
    init.s                                   0x00000000   Number         0  init.o ABSOLUTE
    startup_stm32f410rx.s                    0x00000000   Number         0  startup_stm32f410rx.o ABSOLUTE
    RESET                                    0x08000000   Section      456  startup_stm32f410rx.o(RESET)
    .ARM.Collect$$$$00000000                 0x080001c8   Section        0  entry.o(.ARM.Collect$$$$00000000)
    .ARM.Collect$$$$00000001                 0x080001c8   Section        4  entry2.o(.ARM.Collect$$$$00000001)
    .ARM.Collect$$$$00000004                 0x080001cc   Section        4  entry5.o(.ARM.Collect$$$$00000004)
    .ARM.Collect$$$$00000008                 0x080001d0   Section        0  entry7b.o(.ARM.Collect$$$$00000008)
    .ARM.Collect$$$$0000000A                 0x080001d0   Section        0  entry8b.o(.ARM.Collect$$$$0000000A)
    .ARM.Collect$$$$0000000B                 0x080001d0   Section        8  entry9a.o(.ARM.Collect$$$$0000000B)
    .ARM.Collect$$$$0000000E                 0x080001d8   Section        4  entry12b.o(.ARM.Collect$$$$0000000E)
    .ARM.Collect$$$$0000000F                 0x080001dc   Section        0  entry10a.o(.ARM.Collect$$$$0000000F)
    .ARM.Collect$$$$00000011                 0x080001dc   Section        0  entry11a.o(.ARM.Collect$$$$00000011)
    .ARM.Collect$$$$00002712                 0x080001dc   Section        4  entry2.o(.ARM.Collect$$$$00002712)
    __lit__00000000                          0x080001dc   Data           4  entry2.o(.ARM.Collect$$$$00002712)
    .text                                    0x080001e0   Section       36  startup_stm32f410rx.o(.text)
    $v0                                      0x080001e0   Number         0  startup_stm32f410rx.o(.text)
    .text                                    0x08000204   Section        0  uldiv.o(.text)
    .text                                    0x08000266   Section        0  memseta.o(.text)
    .text                                    0x0800028a   Section        0  strlen.o(.text)
    .text                                    0x08000298   Section        0  memcmp.o(.text)
    .text                                    0x080002b2   Section        0  llshl.o(.text)
    .text                                    0x080002d0   Section        0  llushr.o(.text)
    .text                                    0x080002f0   Section       36  init.o(.text)
    i.BusFault_Handler                       0x08000314   Section        0  stm32f4xx_it.o(i.BusFault_Handler)
    i.DebugMon_Handler                       0x08000316   Section        0  stm32f4xx_it.o(i.DebugMon_Handler)
    i.HAL_Delay                              0x08000318   Section        0  stm32f4xx_hal.o(i.HAL_Delay)
    i.HAL_GPIO_Init                          0x0800033c   Section        0  stm32f4xx_hal_gpio.o(i.HAL_GPIO_Init)
    i.HAL_GPIO_WritePin                      0x080004ac   Section        0  stm32f4xx_hal_gpio.o(i.HAL_GPIO_WritePin)
    i.HAL_GetTick                            0x080004b8   Section        0  stm32f4xx_hal.o(i.HAL_GetTick)
    i.HAL_IncTick                            0x080004c4   Section        0  stm32f4xx_hal.o(i.HAL_IncTick)
    i.HAL_Init                               0x080004d4   Section        0  stm32f4xx_hal.o(i.HAL_Init)
    i.HAL_InitTick                           0x08000508   Section        0  stm32f4xx_hal.o(i.HAL_InitTick)
    i.HAL_MspInit                            0x08000548   Section        0  stm32f4xx_hal_msp.o(i.HAL_MspInit)
    i.HAL_NVIC_SetPriority                   0x0800057c   Section        0  stm32f4xx_hal_cortex.o(i.HAL_NVIC_SetPriority)
    i.HAL_NVIC_SetPriorityGrouping           0x080005bc   Section        0  stm32f4xx_hal_cortex.o(i.HAL_NVIC_SetPriorityGrouping)
    i.HAL_RCC_ClockConfig                    0x080005e0   Section        0  stm32f4xx_hal_rcc.o(i.HAL_RCC_ClockConfig)
    i.HAL_RCC_GetPCLK1Freq                   0x08000714   Section        0  stm32f4xx_hal_rcc.o(i.HAL_RCC_GetPCLK1Freq)
    i.HAL_RCC_GetPCLK2Freq                   0x08000734   Section        0  stm32f4xx_hal_rcc.o(i.HAL_RCC_GetPCLK2Freq)
    i.HAL_RCC_GetSysClockFreq                0x08000754   Section        0  stm32f4xx_hal_rcc.o(i.HAL_RCC_GetSysClockFreq)
    i.HAL_RCC_OscConfig                      0x080007b4   Section        0  stm32f4xx_hal_rcc_ex.o(i.HAL_RCC_OscConfig)
    i.HAL_SPI_Init                           0x08000ad8   Section        0  stm32f4xx_hal_spi.o(i.HAL_SPI_Init)
    i.HAL_SPI_MspInit                        0x08000b58   Section        0  stm32f4xx_hal_msp.o(i.HAL_SPI_MspInit)
    i.HAL_SPI_TransmitReceive                0x08000be8   Section        0  stm32f4xx_hal_spi.o(i.HAL_SPI_TransmitReceive)
    i.HAL_SYSTICK_Config                     0x08000dca   Section        0  stm32f4xx_hal_cortex.o(i.HAL_SYSTICK_Config)
    i.HAL_UART_Init                          0x08000df2   Section        0  stm32f4xx_hal_uart.o(i.HAL_UART_Init)
    i.HAL_UART_MspInit                       0x08000e54   Section        0  stm32f4xx_hal_msp.o(i.HAL_UART_MspInit)
    i.HardFault_Handler                      0x08000ebc   Section        0  stm32f4xx_it.o(i.HardFault_Handler)
    i.MX_GPIO_Init                           0x08000ec0   Section        0  main.o(i.MX_GPIO_Init)
    MX_GPIO_Init                             0x08000ec1   Thumb Code   224  main.o(i.MX_GPIO_Init)
    i.MX_SPI2_Init                           0x08000fb4   Section        0  main.o(i.MX_SPI2_Init)
    MX_SPI2_Init                             0x08000fb5   Thumb Code    46  main.o(i.MX_SPI2_Init)
    i.MemManage_Handler                      0x08000fec   Section        0  stm32f4xx_it.o(i.MemManage_Handler)
    i.NMI_Handler                            0x08000fee   Section        0  stm32f4xx_it.o(i.NMI_Handler)
    i.PendSV_Handler                         0x08000ff0   Section        0  stm32f4xx_it.o(i.PendSV_Handler)
    i.SPI_EndRxTxTransaction                 0x08000ff4   Section        0  stm32f4xx_hal_spi.o(i.SPI_EndRxTxTransaction)
    SPI_EndRxTxTransaction                   0x08000ff5   Thumb Code    80  stm32f4xx_hal_spi.o(i.SPI_EndRxTxTransaction)
    i.SPI_WaitFlagStateUntilTimeout          0x0800104c   Section        0  stm32f4xx_hal_spi.o(i.SPI_WaitFlagStateUntilTimeout)
    SPI_WaitFlagStateUntilTimeout            0x0800104d   Thumb Code   148  stm32f4xx_hal_spi.o(i.SPI_WaitFlagStateUntilTimeout)
    i.SVC_Handler                            0x080010e0   Section        0  stm32f4xx_it.o(i.SVC_Handler)
    i.SysTick_Handler                        0x080010e2   Section        0  stm32f4xx_it.o(i.SysTick_Handler)
    i.SystemClock_Config                     0x080010e8   Section        0  main.o(i.SystemClock_Config)
    i.SystemInit                             0x0800116c   Section        0  system_stm32f4xx.o(i.SystemInit)
    i.UART_SetConfig                         0x08001188   Section        0  stm32f4xx_hal_uart.o(i.UART_SetConfig)
    UART_SetConfig                           0x08001189   Thumb Code   286  stm32f4xx_hal_uart.o(i.UART_SetConfig)
    i.UsageFault_Handler                     0x080012b0   Section        0  stm32f4xx_it.o(i.UsageFault_Handler)
    i.__0printf$8                            0x080012b4   Section        0  printf8.o(i.__0printf$8)
    i.__NVIC_SetPriority                     0x080012d4   Section        0  stm32f4xx_hal_cortex.o(i.__NVIC_SetPriority)
    __NVIC_SetPriority                       0x080012d5   Thumb Code    32  stm32f4xx_hal_cortex.o(i.__NVIC_SetPriority)
    i.__scatterload_copy                     0x080012f4   Section       14  handlers.o(i.__scatterload_copy)
    i.__scatterload_null                     0x08001302   Section        2  handlers.o(i.__scatterload_null)
    i.__scatterload_zeroinit                 0x08001304   Section       14  handlers.o(i.__scatterload_zeroinit)
    i._printf_core                           0x08001314   Section        0  printf8.o(i._printf_core)
    _printf_core                             0x08001315   Thumb Code   984  printf8.o(i._printf_core)
    i._printf_post_padding                   0x08001718   Section        0  printf8.o(i._printf_post_padding)
    _printf_post_padding                     0x08001719   Thumb Code    36  printf8.o(i._printf_post_padding)
    i._printf_pre_padding                    0x0800173c   Section        0  printf8.o(i._printf_pre_padding)
    _printf_pre_padding                      0x0800173d   Thumb Code    46  printf8.o(i._printf_pre_padding)
    i.chip_apply_conf                        0x0800176a   Section        0  nmasic.o(i.chip_apply_conf)
    i.chip_deinit                            0x08001798   Section        0  nmasic.o(i.chip_deinit)
    i.enable_interrupts                      0x080018ac   Section        0  nmasic.o(i.enable_interrupts)
    i.fputc                                  0x080018f4   Section        0  main.o(i.fputc)
    i.hif_chip_sleep                         0x0800191c   Section        0  m2m_hif.o(i.hif_chip_sleep)
    i.hif_chip_wake                          0x08001978   Section        0  m2m_hif.o(i.hif_chip_wake)
    i.hif_handle_isr                         0x080019b4   Section        0  m2m_hif.o(i.hif_handle_isr)
    i.hif_init                               0x08001a44   Section        0  m2m_hif.o(i.hif_init)
    i.hif_isr                                0x08001a74   Section        0  m2m_hif.o(i.hif_isr)
    hif_isr                                  0x08001a75   Thumb Code   496  m2m_hif.o(i.hif_isr)
    i.hif_receive                            0x08001ddc   Section        0  m2m_hif.o(i.hif_receive)
    i.hif_register_cb                        0x08001efc   Section        0  m2m_hif.o(i.hif_register_cb)
    i.hif_send                               0x08001f70   Section        0  m2m_hif.o(i.hif_send)
    i.hif_set_rx_done                        0x08002134   Section        0  m2m_hif.o(i.hif_set_rx_done)
    hif_set_rx_done                          0x08002135   Thumb Code    40  m2m_hif.o(i.hif_set_rx_done)
    i.isr                                    0x0800215c   Section        0  m2m_hif.o(i.isr)
    i.m2m_hif_cb                             0x0800216c   Section        0  m2m_hif.o(i.m2m_hif_cb)
    m2m_hif_cb                               0x0800216d   Thumb Code     2  m2m_hif.o(i.m2m_hif_cb)
    i.m2m_memcpy                             0x0800216e   Section        0  nm_common.o(i.m2m_memcpy)
    i.m2m_memset                             0x08002180   Section        0  nm_common.o(i.m2m_memset)
    i.m2m_strlen                             0x0800218e   Section        0  nm_common.o(i.m2m_strlen)
    i.m2m_wifi_cb                            0x080021a4   Section        0  m2m_wifi.o(i.m2m_wifi_cb)
    m2m_wifi_cb                              0x080021a5   Thumb Code   498  m2m_wifi.o(i.m2m_wifi_cb)
    i.m2m_wifi_connect                       0x080023f8   Section        0  m2m_wifi.o(i.m2m_wifi_connect)
    i.m2m_wifi_connect_sc                    0x08002408   Section        0  m2m_wifi.o(i.m2m_wifi_connect_sc)
    i.m2m_wifi_get_num_ap_found              0x08002624   Section        0  m2m_wifi.o(i.m2m_wifi_get_num_ap_found)
    i.m2m_wifi_handle_events                 0x08002630   Section        0  m2m_wifi.o(i.m2m_wifi_handle_events)
    i.m2m_wifi_init                          0x08002634   Section        0  m2m_wifi.o(i.m2m_wifi_init)
    i.m2m_wifi_req_scan_result               0x0800267c   Section        0  m2m_wifi.o(i.m2m_wifi_req_scan_result)
    i.m2m_wifi_request_dhcp_client           0x0800269a   Section        0  m2m_wifi.o(i.m2m_wifi_request_dhcp_client)
    i.m2m_wifi_request_scan                  0x080026a0   Section        0  m2m_wifi.o(i.m2m_wifi_request_scan)
    i.main                                   0x080026e4   Section        0  main.o(i.main)
    i.nm_bsp_init                            0x0800279c   Section        0  nm_bsp_samd21.o(i.nm_bsp_init)
    i.nm_bsp_interrupt_ctrl                  0x080027a6   Section        0  nm_bsp_samd21.o(i.nm_bsp_interrupt_ctrl)
    i.nm_bsp_register_isr                    0x080027a8   Section        0  nm_bsp_samd21.o(i.nm_bsp_register_isr)
    i.nm_bsp_reset                           0x080027ac   Section        0  nm_bsp_samd21.o(i.nm_bsp_reset)
    i.nm_bsp_sleep                           0x080027f0   Section        0  nm_bsp_samd21.o(i.nm_bsp_sleep)
    i.nm_bus_deinit                          0x080027f4   Section        0  nm_bus_wrapper_samd21.o(i.nm_bus_deinit)
    i.nm_bus_iface_deinit                    0x080027f8   Section        0  nmbus.o(i.nm_bus_iface_deinit)
    i.nm_bus_iface_init                      0x080027fc   Section        0  nmbus.o(i.nm_bus_iface_init)
    i.nm_bus_init                            0x08002800   Section        0  nm_bus_wrapper_samd21.o(i.nm_bus_init)
    i.nm_bus_ioctl                           0x08002814   Section        0  nm_bus_wrapper_samd21.o(i.nm_bus_ioctl)
    i.nm_clkless_wake                        0x08002878   Section        0  nmasic.o(i.nm_clkless_wake)
    i.nm_drv_deinit                          0x080029d0   Section        0  nmdrv.o(i.nm_drv_deinit)
    i.nm_drv_init                            0x08002a6c   Section        0  nmdrv.o(i.nm_drv_init)
    i.nm_get_firmware_info                   0x08002c5c   Section        0  nmdrv.o(i.nm_get_firmware_info)
    i.nm_read_block                          0x08002ce4   Section        0  nmbus.o(i.nm_read_block)
    i.nm_read_reg                            0x08002d34   Section        0  nmbus.o(i.nm_read_reg)
    i.nm_read_reg_with_ret                   0x08002d38   Section        0  nmbus.o(i.nm_read_reg_with_ret)
    i.nm_spi_deinit                          0x08002d3c   Section        0  nmspi.o(i.nm_spi_deinit)
    i.nm_spi_init                            0x08002d48   Section        0  nmspi.o(i.nm_spi_init)
    i.nm_spi_read                            0x08002ec0   Section        0  nmspi.o(i.nm_spi_read)
    nm_spi_read                              0x08002ec1   Thumb Code   150  nmspi.o(i.nm_spi_read)
    i.nm_spi_read_block                      0x08003004   Section        0  nmspi.o(i.nm_spi_read_block)
    i.nm_spi_read_reg                        0x08003018   Section        0  nmspi.o(i.nm_spi_read_reg)
    i.nm_spi_read_reg_with_ret               0x08003024   Section        0  nmspi.o(i.nm_spi_read_reg_with_ret)
    i.nm_spi_write                           0x08003038   Section        0  nmspi.o(i.nm_spi_write)
    nm_spi_write                             0x08003039   Thumb Code   170  nmspi.o(i.nm_spi_write)
    i.nm_spi_write_block                     0x08003190   Section        0  nmspi.o(i.nm_spi_write_block)
    i.nm_spi_write_reg                       0x080031a4   Section        0  nmspi.o(i.nm_spi_write_reg)
    i.nm_write_block                         0x080031b8   Section        0  nmbus.o(i.nm_write_block)
    i.nm_write_reg                           0x08003208   Section        0  nmbus.o(i.nm_write_reg)
    i.nmi_get_chipid                         0x0800320c   Section        0  nmasic.o(i.nmi_get_chipid)
    i.nmi_spi_read                           0x0800327c   Section        0  nmspi.o(i.nmi_spi_read)
    nmi_spi_read                             0x0800327d   Thumb Code    22  nmspi.o(i.nmi_spi_read)
    i.nmi_spi_write                          0x08003292   Section        0  nmspi.o(i.nmi_spi_write)
    nmi_spi_write                            0x08003293   Thumb Code    22  nmspi.o(i.nmi_spi_write)
    i.p_nm_read_block                        0x080032a8   Section        0  nmbus.o(i.p_nm_read_block)
    p_nm_read_block                          0x080032a9   Thumb Code     4  nmbus.o(i.p_nm_read_block)
    i.p_nm_write_block                       0x080032ac   Section        0  nmbus.o(i.p_nm_write_block)
    p_nm_write_block                         0x080032ad   Thumb Code     4  nmbus.o(i.p_nm_write_block)
    i.spi_cmd                                0x080032b0   Section        0  nmspi.o(i.spi_cmd)
    spi_cmd                                  0x080032b1   Thumb Code   354  nmspi.o(i.spi_cmd)
    i.spi_cmd_rsp                            0x08003460   Section        0  nmspi.o(i.spi_cmd_rsp)
    spi_cmd_rsp                              0x08003461   Thumb Code   126  nmspi.o(i.spi_cmd_rsp)
    i.spi_data_read                          0x08003530   Section        0  nmspi.o(i.spi_data_read)
    spi_data_read                            0x08003531   Thumb Code   206  nmspi.o(i.spi_data_read)
    i.spi_data_write                         0x080036f0   Section        0  nmspi.o(i.spi_data_write)
    spi_data_write                           0x080036f1   Thumb Code   184  nmspi.o(i.spi_data_write)
    i.spi_read_reg                           0x0800386c   Section        0  nmspi.o(i.spi_read_reg)
    spi_read_reg                             0x0800386d   Thumb Code   184  nmspi.o(i.spi_read_reg)
    i.spi_rw                                 0x080039c0   Section        0  nm_bus_wrapper_samd21.o(i.spi_rw)
    spi_rw                                   0x080039c1   Thumb Code   138  nm_bus_wrapper_samd21.o(i.spi_rw)
    i.spi_write_reg                          0x08003a54   Section        0  nmspi.o(i.spi_write_reg)
    spi_write_reg                            0x08003a55   Thumb Code   118  nmspi.o(i.spi_write_reg)
    i.wait_for_bootrom                       0x08003b4c   Section        0  nmasic.o(i.wait_for_bootrom)
    i.wait_for_firmware_start                0x08003be4   Section        0  nmasic.o(i.wait_for_firmware_start)
    i.wifi_cb                                0x08003c44   Section        0  main.o(i.wifi_cb)
    wifi_cb                                  0x08003c45   Thumb Code   192  main.o(i.wifi_cb)
    .constdata                               0x08003d9c   Section       13  nm_bus_wrapper_samd21.o(.constdata)
    __FUNCTION__                             0x08003d9c   Data          13  nm_bus_wrapper_samd21.o(.constdata)
    .constdata                               0x08003da9   Section       60  m2m_hif.o(.constdata)
    __FUNCTION__                             0x08003da9   Data           8  m2m_hif.o(.constdata)
    __FUNCTION__                             0x08003db1   Data           9  m2m_hif.o(.constdata)
    __FUNCTION__                             0x08003dba   Data          15  m2m_hif.o(.constdata)
    __FUNCTION__                             0x08003dc9   Data          12  m2m_hif.o(.constdata)
    __FUNCTION__                             0x08003dd5   Data          16  m2m_hif.o(.constdata)
    .constdata                               0x08003de5   Section      178  m2m_wifi.o(.constdata)
    __FUNCTION__                             0x08003de5   Data          12  m2m_wifi.o(.constdata)
    __FUNCTION__                             0x08003df1   Data          27  m2m_wifi.o(.constdata)
    __FUNCTION__                             0x08003e0c   Data          26  m2m_wifi.o(.constdata)
    __FUNCTION__                             0x08003e26   Data          20  m2m_wifi.o(.constdata)
    __FUNCTION__                             0x08003e3a   Data          25  m2m_wifi.o(.constdata)
    __FUNCTION__                             0x08003e53   Data          25  m2m_wifi.o(.constdata)
    __FUNCTION__                             0x08003e6c   Data          13  m2m_wifi.o(.constdata)
    __FUNCTION__                             0x08003e79   Data          30  m2m_wifi.o(.constdata)
    .constdata                               0x08003e97   Section       74  nmasic.o(.constdata)
    __FUNCTION__                             0x08003e97   Data          16  nmasic.o(.constdata)
    __FUNCTION__                             0x08003ea7   Data          10  nmasic.o(.constdata)
    __FUNCTION__                             0x08003eb1   Data          24  nmasic.o(.constdata)
    __FUNCTION__                             0x08003ec9   Data          12  nmasic.o(.constdata)
    __FUNCTION__                             0x08003ed5   Data          12  nmasic.o(.constdata)
    .constdata                               0x08003ee1   Section       52  nmdrv.o(.constdata)
    __FUNCTION__                             0x08003ee1   Data          26  nmdrv.o(.constdata)
    __FUNCTION__                             0x08003efb   Data          12  nmdrv.o(.constdata)
    __FUNCTION__                             0x08003f07   Data          14  nmdrv.o(.constdata)
    .constdata                               0x08003f15   Section      369  nmspi.o(.constdata)
    __FUNCTION__                             0x08003f15   Data           8  nmspi.o(.constdata)
    crc7_syndrome_table                      0x08003f1d   Data         256  nmspi.o(.constdata)
    __FUNCTION__                             0x0800401d   Data          12  nmspi.o(.constdata)
    __FUNCTION__                             0x08004029   Data          14  nmspi.o(.constdata)
    __FUNCTION__                             0x08004037   Data          15  nmspi.o(.constdata)
    __FUNCTION__                             0x08004046   Data          14  nmspi.o(.constdata)
    __FUNCTION__                             0x08004054   Data          13  nmspi.o(.constdata)
    __FUNCTION__                             0x08004061   Data          13  nmspi.o(.constdata)
    __FUNCTION__                             0x0800406e   Data          12  nmspi.o(.constdata)
    __FUNCTION__                             0x0800407a   Data          12  nmspi.o(.constdata)
    .constdata                               0x08004086   Section       16  system_stm32f4xx.o(.constdata)
    .constdata                               0x08004096   Section        8  system_stm32f4xx.o(.constdata)
    .conststring                             0x080040a0   Section      136  m2m_hif.o(.conststring)
    .conststring                             0x08004128   Section       80  nmspi.o(.conststring)
    .data                                    0x20000000   Section        2  nm_bus_wrapper_samd21.o(.data)
    .data                                    0x20000004   Section       20  m2m_hif.o(.data)
    gu8ChipMode                              0x20000004   Data           1  m2m_hif.o(.data)
    gu8ChipSleep                             0x20000005   Data           1  m2m_hif.o(.data)
    gu8HifSizeDone                           0x20000006   Data           1  m2m_hif.o(.data)
    gu8Interrupt                             0x20000007   Data           1  m2m_hif.o(.data)
    .data                                    0x20000018   Section        8  m2m_wifi.o(.data)
    gu8scanInProgress                        0x20000018   Data           1  m2m_wifi.o(.data)
    gu8ChNum                                 0x20000019   Data           1  m2m_wifi.o(.data)
    gpfAppWifiCb                             0x2000001c   Data           4  m2m_wifi.o(.data)
    .data                                    0x20000020   Section        8  nmasic.o(.data)
    clk_status_reg_adr                       0x20000020   Data           4  nmasic.o(.data)
    chipid                                   0x20000024   Data           4  nmasic.o(.data)
    .data                                    0x20000028   Section        1  nmspi.o(.data)
    gu8Crc_off                               0x20000028   Data           1  nmspi.o(.data)
    .data                                    0x20000029   Section        2  main.o(.data)
    scan_request_index                       0x20000029   Data           1  main.o(.data)
    num_founded_ap                           0x2000002a   Data           1  main.o(.data)
    .data                                    0x2000002c   Section       12  stm32f4xx_hal.o(.data)
    .data                                    0x20000038   Section        4  system_stm32f4xx.o(.data)
    .data                                    0x2000003c   Section        4  stdout.o(.data)
    .bss                                     0x20000040   Section       88  nm_bus_wrapper_samd21.o(.bss)
    .bss                                     0x20000098   Section       64  main.o(.bss)
    STACK                                    0x200000d8   Section     1024  startup_stm32f410rx.o(STACK)

    Global Symbols

    Symbol Name                              Value     Ov Type        Size  Object(Section)

    BuildAttributes$$THM_ISAv4$E$P$D$K$B$S$7EM$VFPi3$EXTD16$VFPS$VFMA$PE$A:L22UL41UL21$X:L11$S22US41US21$IEEE1$IW$USESV6$~STKCKD$USESV7$~SHL$OSPACE$ROPI$EBA8$MICROLIB$REQ8$PRES8$EABIv2 0x00000000   Number         0  anon$$obj.o ABSOLUTE
    __ARM_use_no_argv                        0x00000000   Number         0  main.o ABSOLUTE
    _printf_a                                0x00000000   Number         0  stubs.o ABSOLUTE
    _printf_c                                0x00000000   Number         0  stubs.o ABSOLUTE
    _printf_charcount                        0x00000000   Number         0  stubs.o ABSOLUTE
    _printf_d                                0x00000000   Number         0  stubs.o ABSOLUTE
    _printf_e                                0x00000000   Number         0  stubs.o ABSOLUTE
    _printf_f                                0x00000000   Number         0  stubs.o ABSOLUTE
    _printf_flags                            0x00000000   Number         0  stubs.o ABSOLUTE
    _printf_fp_dec                           0x00000000   Number         0  stubs.o ABSOLUTE
    _printf_fp_hex                           0x00000000   Number         0  stubs.o ABSOLUTE
    _printf_g                                0x00000000   Number         0  stubs.o ABSOLUTE
    _printf_i                                0x00000000   Number         0  stubs.o ABSOLUTE
    _printf_int_dec                          0x00000000   Number         0  stubs.o ABSOLUTE
    _printf_l                                0x00000000   Number         0  stubs.o ABSOLUTE
    _printf_lc                               0x00000000   Number         0  stubs.o ABSOLUTE
    _printf_ll                               0x00000000   Number         0  stubs.o ABSOLUTE
    _printf_lld                              0x00000000   Number         0  stubs.o ABSOLUTE
    _printf_lli                              0x00000000   Number         0  stubs.o ABSOLUTE
    _printf_llo                              0x00000000   Number         0  stubs.o ABSOLUTE
    _printf_llu                              0x00000000   Number         0  stubs.o ABSOLUTE
    _printf_llx                              0x00000000   Number         0  stubs.o ABSOLUTE
    _printf_longlong_dec                     0x00000000   Number         0  stubs.o ABSOLUTE
    _printf_longlong_hex                     0x00000000   Number         0  stubs.o ABSOLUTE
    _printf_longlong_oct                     0x00000000   Number         0  stubs.o ABSOLUTE
    _printf_ls                               0x00000000   Number         0  stubs.o ABSOLUTE
    _printf_mbtowc                           0x00000000   Number         0  stubs.o ABSOLUTE
    _printf_n                                0x00000000   Number         0  stubs.o ABSOLUTE
    _printf_o                                0x00000000   Number         0  stubs.o ABSOLUTE
    _printf_p                                0x00000000   Number         0  stubs.o ABSOLUTE
    _printf_percent                          0x00000000   Number         0  stubs.o ABSOLUTE
    _printf_pre_padding                      0x00000000   Number         0  stubs.o ABSOLUTE
    _printf_return_value                     0x00000000   Number         0  stubs.o ABSOLUTE
    _printf_s                                0x00000000   Number         0  stubs.o ABSOLUTE
    _printf_sizespec                         0x00000000   Number         0  stubs.o ABSOLUTE
    _printf_str                              0x00000000   Number         0  stubs.o ABSOLUTE
    _printf_truncate_signed                  0x00000000   Number         0  stubs.o ABSOLUTE
    _printf_truncate_unsigned                0x00000000   Number         0  stubs.o ABSOLUTE
    _printf_u                                0x00000000   Number         0  stubs.o ABSOLUTE
    _printf_wc                               0x00000000   Number         0  stubs.o ABSOLUTE
    _printf_wctomb                           0x00000000   Number         0  stubs.o ABSOLUTE
    _printf_widthprec                        0x00000000   Number         0  stubs.o ABSOLUTE
    _printf_x                                0x00000000   Number         0  stubs.o ABSOLUTE
    __arm_fini_                               - Undefined Weak Reference
    __cpp_initialize__aeabi_                  - Undefined Weak Reference
    __cxa_finalize                            - Undefined Weak Reference
    __decompress                              - Undefined Weak Reference
    _clock_init                               - Undefined Weak Reference
    _microlib_exit                            - Undefined Weak Reference
    __Vectors_Size                           0x000001c8   Number         0  startup_stm32f410rx.o ABSOLUTE
    __Vectors                                0x08000000   Data           4  startup_stm32f410rx.o(RESET)
    __Vectors_End                            0x080001c8   Data           0  startup_stm32f410rx.o(RESET)
    __main                                   0x080001c9   Thumb Code     0  entry.o(.ARM.Collect$$$$00000000)
    _main_stk                                0x080001c9   Thumb Code     0  entry2.o(.ARM.Collect$$$$00000001)
    _main_scatterload                        0x080001cd   Thumb Code     0  entry5.o(.ARM.Collect$$$$00000004)
    __main_after_scatterload                 0x080001d1   Thumb Code     0  entry5.o(.ARM.Collect$$$$00000004)
    _main_clock                              0x080001d1   Thumb Code     0  entry7b.o(.ARM.Collect$$$$00000008)
    _main_cpp_init                           0x080001d1   Thumb Code     0  entry8b.o(.ARM.Collect$$$$0000000A)
    _main_init                               0x080001d1   Thumb Code     0  entry9a.o(.ARM.Collect$$$$0000000B)
    __rt_lib_shutdown_fini                   0x080001d9   Thumb Code     0  entry12b.o(.ARM.Collect$$$$0000000E)
    __rt_final_cpp                           0x080001dd   Thumb Code     0  entry10a.o(.ARM.Collect$$$$0000000F)
    __rt_final_exit                          0x080001dd   Thumb Code     0  entry11a.o(.ARM.Collect$$$$00000011)
    Reset_Handler                            0x080001e1   Thumb Code     8  startup_stm32f410rx.o(.text)
    ADC_IRQHandler                           0x080001fb   Thumb Code     0  startup_stm32f410rx.o(.text)
    DMA1_Stream0_IRQHandler                  0x080001fb   Thumb Code     0  startup_stm32f410rx.o(.text)
    DMA1_Stream1_IRQHandler                  0x080001fb   Thumb Code     0  startup_stm32f410rx.o(.text)
    DMA1_Stream2_IRQHandler                  0x080001fb   Thumb Code     0  startup_stm32f410rx.o(.text)
    DMA1_Stream3_IRQHandler                  0x080001fb   Thumb Code     0  startup_stm32f410rx.o(.text)
    DMA1_Stream4_IRQHandler                  0x080001fb   Thumb Code     0  startup_stm32f410rx.o(.text)
    DMA1_Stream5_IRQHandler                  0x080001fb   Thumb Code     0  startup_stm32f410rx.o(.text)
    DMA1_Stream6_IRQHandler                  0x080001fb   Thumb Code     0  startup_stm32f410rx.o(.text)
    DMA1_Stream7_IRQHandler                  0x080001fb   Thumb Code     0  startup_stm32f410rx.o(.text)
    DMA2_Stream0_IRQHandler                  0x080001fb   Thumb Code     0  startup_stm32f410rx.o(.text)
    DMA2_Stream1_IRQHandler                  0x080001fb   Thumb Code     0  startup_stm32f410rx.o(.text)
    DMA2_Stream2_IRQHandler                  0x080001fb   Thumb Code     0  startup_stm32f410rx.o(.text)
    DMA2_Stream3_IRQHandler                  0x080001fb   Thumb Code     0  startup_stm32f410rx.o(.text)
    DMA2_Stream4_IRQHandler                  0x080001fb   Thumb Code     0  startup_stm32f410rx.o(.text)
    DMA2_Stream5_IRQHandler                  0x080001fb   Thumb Code     0  startup_stm32f410rx.o(.text)
    DMA2_Stream6_IRQHandler                  0x080001fb   Thumb Code     0  startup_stm32f410rx.o(.text)
    DMA2_Stream7_IRQHandler                  0x080001fb   Thumb Code     0  startup_stm32f410rx.o(.text)
    EXTI0_IRQHandler                         0x080001fb   Thumb Code     0  startup_stm32f410rx.o(.text)
    EXTI15_10_IRQHandler                     0x080001fb   Thumb Code     0  startup_stm32f410rx.o(.text)
    EXTI1_IRQHandler                         0x080001fb   Thumb Code     0  startup_stm32f410rx.o(.text)
    EXTI2_IRQHandler                         0x080001fb   Thumb Code     0  startup_stm32f410rx.o(.text)
    EXTI3_IRQHandler                         0x080001fb   Thumb Code     0  startup_stm32f410rx.o(.text)
    EXTI4_IRQHandler                         0x080001fb   Thumb Code     0  startup_stm32f410rx.o(.text)
    EXTI9_5_IRQHandler                       0x080001fb   Thumb Code     0  startup_stm32f410rx.o(.text)
    FLASH_IRQHandler                         0x080001fb   Thumb Code     0  startup_stm32f410rx.o(.text)
    FMPI2C1_ER_IRQHandler                    0x080001fb   Thumb Code     0  startup_stm32f410rx.o(.text)
    FMPI2C1_EV_IRQHandler                    0x080001fb   Thumb Code     0  startup_stm32f410rx.o(.text)
    FPU_IRQHandler                           0x080001fb   Thumb Code     0  startup_stm32f410rx.o(.text)
    I2C1_ER_IRQHandler                       0x080001fb   Thumb Code     0  startup_stm32f410rx.o(.text)
    I2C1_EV_IRQHandler                       0x080001fb   Thumb Code     0  startup_stm32f410rx.o(.text)
    I2C2_ER_IRQHandler                       0x080001fb   Thumb Code     0  startup_stm32f410rx.o(.text)
    I2C2_EV_IRQHandler                       0x080001fb   Thumb Code     0  startup_stm32f410rx.o(.text)
    LPTIM1_IRQHandler                        0x080001fb   Thumb Code     0  startup_stm32f410rx.o(.text)
    PVD_IRQHandler                           0x080001fb   Thumb Code     0  startup_stm32f410rx.o(.text)
    RCC_IRQHandler                           0x080001fb   Thumb Code     0  startup_stm32f410rx.o(.text)
    RNG_IRQHandler                           0x080001fb   Thumb Code     0  startup_stm32f410rx.o(.text)
    RTC_Alarm_IRQHandler                     0x080001fb   Thumb Code     0  startup_stm32f410rx.o(.text)
    RTC_WKUP_IRQHandler                      0x080001fb   Thumb Code     0  startup_stm32f410rx.o(.text)
    SPI1_IRQHandler                          0x080001fb   Thumb Code     0  startup_stm32f410rx.o(.text)
    SPI2_IRQHandler                          0x080001fb   Thumb Code     0  startup_stm32f410rx.o(.text)
    SPI5_IRQHandler                          0x080001fb   Thumb Code     0  startup_stm32f410rx.o(.text)
    TAMP_STAMP_IRQHandler                    0x080001fb   Thumb Code     0  startup_stm32f410rx.o(.text)
    TIM1_BRK_TIM9_IRQHandler                 0x080001fb   Thumb Code     0  startup_stm32f410rx.o(.text)
    TIM1_CC_IRQHandler                       0x080001fb   Thumb Code     0  startup_stm32f410rx.o(.text)
    TIM1_TRG_COM_TIM11_IRQHandler            0x080001fb   Thumb Code     0  startup_stm32f410rx.o(.text)
    TIM1_UP_IRQHandler                       0x080001fb   Thumb Code     0  startup_stm32f410rx.o(.text)
    TIM5_IRQHandler                          0x080001fb   Thumb Code     0  startup_stm32f410rx.o(.text)
    TIM6_DAC_IRQHandler                      0x080001fb   Thumb Code     0  startup_stm32f410rx.o(.text)
    USART1_IRQHandler                        0x080001fb   Thumb Code     0  startup_stm32f410rx.o(.text)
    USART2_IRQHandler                        0x080001fb   Thumb Code     0  startup_stm32f410rx.o(.text)
    USART6_IRQHandler                        0x080001fb   Thumb Code     0  startup_stm32f410rx.o(.text)
    WWDG_IRQHandler                          0x080001fb   Thumb Code     0  startup_stm32f410rx.o(.text)
    __aeabi_uldivmod                         0x08000205   Thumb Code    98  uldiv.o(.text)
    __aeabi_memset                           0x08000267   Thumb Code    14  memseta.o(.text)
    __aeabi_memset4                          0x08000267   Thumb Code     0  memseta.o(.text)
    __aeabi_memset8                          0x08000267   Thumb Code     0  memseta.o(.text)
    __aeabi_memclr                           0x08000275   Thumb Code     4  memseta.o(.text)
    __aeabi_memclr4                          0x08000275   Thumb Code     0  memseta.o(.text)
    __aeabi_memclr8                          0x08000275   Thumb Code     0  memseta.o(.text)
    _memset$wrapper                          0x08000279   Thumb Code    18  memseta.o(.text)
    strlen                                   0x0800028b   Thumb Code    14  strlen.o(.text)
    memcmp                                   0x08000299   Thumb Code    26  memcmp.o(.text)
    __aeabi_llsl                             0x080002b3   Thumb Code    30  llshl.o(.text)
    _ll_shift_l                              0x080002b3   Thumb Code     0  llshl.o(.text)
    __aeabi_llsr                             0x080002d1   Thumb Code    32  llushr.o(.text)
    _ll_ushift_r                             0x080002d1   Thumb Code     0  llushr.o(.text)
    __scatterload                            0x080002f1   Thumb Code    28  init.o(.text)
    __scatterload_rt2                        0x080002f1   Thumb Code     0  init.o(.text)
    BusFault_Handler                         0x08000315   Thumb Code     2  stm32f4xx_it.o(i.BusFault_Handler)
    DebugMon_Handler                         0x08000317   Thumb Code     2  stm32f4xx_it.o(i.DebugMon_Handler)
    HAL_Delay                                0x08000319   Thumb Code    32  stm32f4xx_hal.o(i.HAL_Delay)
    HAL_GPIO_Init                            0x0800033d   Thumb Code   344  stm32f4xx_hal_gpio.o(i.HAL_GPIO_Init)
    HAL_GPIO_WritePin                        0x080004ad   Thumb Code    10  stm32f4xx_hal_gpio.o(i.HAL_GPIO_WritePin)
    HAL_GetTick                              0x080004b9   Thumb Code     6  stm32f4xx_hal.o(i.HAL_GetTick)
    HAL_IncTick                              0x080004c5   Thumb Code    12  stm32f4xx_hal.o(i.HAL_IncTick)
    HAL_Init                                 0x080004d5   Thumb Code    48  stm32f4xx_hal.o(i.HAL_Init)
    HAL_InitTick                             0x08000509   Thumb Code    54  stm32f4xx_hal.o(i.HAL_InitTick)
    HAL_MspInit                              0x08000549   Thumb Code    48  stm32f4xx_hal_msp.o(i.HAL_MspInit)
    HAL_NVIC_SetPriority                     0x0800057d   Thumb Code    60  stm32f4xx_hal_cortex.o(i.HAL_NVIC_SetPriority)
    HAL_NVIC_SetPriorityGrouping             0x080005bd   Thumb Code    26  stm32f4xx_hal_cortex.o(i.HAL_NVIC_SetPriorityGrouping)
    HAL_RCC_ClockConfig                      0x080005e1   Thumb Code   288  stm32f4xx_hal_rcc.o(i.HAL_RCC_ClockConfig)
    HAL_RCC_GetPCLK1Freq                     0x08000715   Thumb Code    20  stm32f4xx_hal_rcc.o(i.HAL_RCC_GetPCLK1Freq)
    HAL_RCC_GetPCLK2Freq                     0x08000735   Thumb Code    20  stm32f4xx_hal_rcc.o(i.HAL_RCC_GetPCLK2Freq)
    HAL_RCC_GetSysClockFreq                  0x08000755   Thumb Code    88  stm32f4xx_hal_rcc.o(i.HAL_RCC_GetSysClockFreq)
    HAL_RCC_OscConfig                        0x080007b5   Thumb Code   778  stm32f4xx_hal_rcc_ex.o(i.HAL_RCC_OscConfig)
    HAL_SPI_Init                             0x08000ad9   Thumb Code   128  stm32f4xx_hal_spi.o(i.HAL_SPI_Init)
    HAL_SPI_MspInit                          0x08000b59   Thumb Code   128  stm32f4xx_hal_msp.o(i.HAL_SPI_MspInit)
    HAL_SPI_TransmitReceive                  0x08000be9   Thumb Code   482  stm32f4xx_hal_spi.o(i.HAL_SPI_TransmitReceive)
    HAL_SYSTICK_Config                       0x08000dcb   Thumb Code    40  stm32f4xx_hal_cortex.o(i.HAL_SYSTICK_Config)
    HAL_UART_Init                            0x08000df3   Thumb Code    98  stm32f4xx_hal_uart.o(i.HAL_UART_Init)
    HAL_UART_MspInit                         0x08000e55   Thumb Code    92  stm32f4xx_hal_msp.o(i.HAL_UART_MspInit)
    HardFault_Handler                        0x08000ebd   Thumb Code     2  stm32f4xx_it.o(i.HardFault_Handler)
    MemManage_Handler                        0x08000fed   Thumb Code     2  stm32f4xx_it.o(i.MemManage_Handler)
    NMI_Handler                              0x08000fef   Thumb Code     2  stm32f4xx_it.o(i.NMI_Handler)
    PendSV_Handler                           0x08000ff1   Thumb Code     2  stm32f4xx_it.o(i.PendSV_Handler)
    SVC_Handler                              0x080010e1   Thumb Code     2  stm32f4xx_it.o(i.SVC_Handler)
    SysTick_Handler                          0x080010e3   Thumb Code     4  stm32f4xx_it.o(i.SysTick_Handler)
    SystemClock_Config                       0x080010e9   Thumb Code   122  main.o(i.SystemClock_Config)
    SystemInit                               0x0800116d   Thumb Code    22  system_stm32f4xx.o(i.SystemInit)
    UsageFault_Handler                       0x080012b1   Thumb Code     2  stm32f4xx_it.o(i.UsageFault_Handler)
    __0printf$8                              0x080012b5   Thumb Code    22  printf8.o(i.__0printf$8)
    __1printf$8                              0x080012b5   Thumb Code     0  printf8.o(i.__0printf$8)
    __2printf                                0x080012b5   Thumb Code     0  printf8.o(i.__0printf$8)
    __scatterload_copy                       0x080012f5   Thumb Code    14  handlers.o(i.__scatterload_copy)
    __scatterload_null                       0x08001303   Thumb Code     2  handlers.o(i.__scatterload_null)
    __scatterload_zeroinit                   0x08001305   Thumb Code    14  handlers.o(i.__scatterload_zeroinit)
    chip_apply_conf                          0x0800176b   Thumb Code    44  nmasic.o(i.chip_apply_conf)
    chip_deinit                              0x08001799   Thumb Code   162  nmasic.o(i.chip_deinit)
    enable_interrupts                        0x080018ad   Thumb Code    72  nmasic.o(i.enable_interrupts)
    fputc                                    0x080018f5   Thumb Code    36  main.o(i.fputc)
    hif_chip_sleep                           0x0800191d   Thumb Code    86  m2m_hif.o(i.hif_chip_sleep)
    hif_chip_wake                            0x08001979   Thumb Code    54  m2m_hif.o(i.hif_chip_wake)
    hif_handle_isr                           0x080019b5   Thumb Code    64  m2m_hif.o(i.hif_handle_isr)
    hif_init                                 0x08001a45   Thumb Code    34  m2m_hif.o(i.hif_init)
    hif_receive                              0x08001ddd   Thumb Code   214  m2m_hif.o(i.hif_receive)
    hif_register_cb                          0x08001efd   Thumb Code    72  m2m_hif.o(i.hif_register_cb)
    hif_send                                 0x08001f71   Thumb Code   388  m2m_hif.o(i.hif_send)
    isr                                      0x0800215d   Thumb Code    10  m2m_hif.o(i.isr)
    m2m_memcpy                               0x0800216f   Thumb Code    18  nm_common.o(i.m2m_memcpy)
    m2m_memset                               0x08002181   Thumb Code    14  nm_common.o(i.m2m_memset)
    m2m_strlen                               0x0800218f   Thumb Code    20  nm_common.o(i.m2m_strlen)
    m2m_wifi_connect                         0x080023f9   Thumb Code    16  m2m_wifi.o(i.m2m_wifi_connect)
    m2m_wifi_connect_sc                      0x08002409   Thumb Code   356  m2m_wifi.o(i.m2m_wifi_connect_sc)
    m2m_wifi_get_num_ap_found                0x08002625   Thumb Code     6  m2m_wifi.o(i.m2m_wifi_get_num_ap_found)
    m2m_wifi_handle_events                   0x08002631   Thumb Code     4  m2m_wifi.o(i.m2m_wifi_handle_events)
    m2m_wifi_init                            0x08002635   Thumb Code    62  m2m_wifi.o(i.m2m_wifi_init)
    m2m_wifi_req_scan_result                 0x0800267d   Thumb Code    30  m2m_wifi.o(i.m2m_wifi_req_scan_result)
    m2m_wifi_request_dhcp_client             0x0800269b   Thumb Code     4  m2m_wifi.o(i.m2m_wifi_request_dhcp_client)
    m2m_wifi_request_scan                    0x080026a1   Thumb Code    64  m2m_wifi.o(i.m2m_wifi_request_scan)
    main                                     0x080026e5   Thumb Code   114  main.o(i.main)
    nm_bsp_init                              0x0800279d   Thumb Code    10  nm_bsp_samd21.o(i.nm_bsp_init)
    nm_bsp_interrupt_ctrl                    0x080027a7   Thumb Code     2  nm_bsp_samd21.o(i.nm_bsp_interrupt_ctrl)
    nm_bsp_register_isr                      0x080027a9   Thumb Code     2  nm_bsp_samd21.o(i.nm_bsp_register_isr)
    nm_bsp_reset                             0x080027ad   Thumb Code    64  nm_bsp_samd21.o(i.nm_bsp_reset)
    nm_bsp_sleep                             0x080027f1   Thumb Code     4  nm_bsp_samd21.o(i.nm_bsp_sleep)
    nm_bus_deinit                            0x080027f5   Thumb Code     4  nm_bus_wrapper_samd21.o(i.nm_bus_deinit)
    nm_bus_iface_deinit                      0x080027f9   Thumb Code     4  nmbus.o(i.nm_bus_iface_deinit)
    nm_bus_iface_init                        0x080027fd   Thumb Code     4  nmbus.o(i.nm_bus_iface_init)
    nm_bus_init                              0x08002801   Thumb Code    18  nm_bus_wrapper_samd21.o(i.nm_bus_init)
    nm_bus_ioctl                             0x08002815   Thumb Code    50  nm_bus_wrapper_samd21.o(i.nm_bus_ioctl)
    nm_clkless_wake                          0x08002879   Thumb Code   212  nmasic.o(i.nm_clkless_wake)
    nm_drv_deinit                            0x080029d1   Thumb Code    68  nmdrv.o(i.nm_drv_deinit)
    nm_drv_init                              0x08002a6d   Thumb Code   268  nmdrv.o(i.nm_drv_init)
    nm_get_firmware_info                     0x08002c5d   Thumb Code   132  nmdrv.o(i.nm_get_firmware_info)
    nm_read_block                            0x08002ce5   Thumb Code    76  nmbus.o(i.nm_read_block)
    nm_read_reg                              0x08002d35   Thumb Code     4  nmbus.o(i.nm_read_reg)
    nm_read_reg_with_ret                     0x08002d39   Thumb Code     4  nmbus.o(i.nm_read_reg_with_ret)
    nm_spi_deinit                            0x08002d3d   Thumb Code     8  nmspi.o(i.nm_spi_deinit)
    nm_spi_init                              0x08002d49   Thumb Code   198  nmspi.o(i.nm_spi_init)
    nm_spi_read_block                        0x08003005   Thumb Code    20  nmspi.o(i.nm_spi_read_block)
    nm_spi_read_reg                          0x08003019   Thumb Code    12  nmspi.o(i.nm_spi_read_reg)
    nm_spi_read_reg_with_ret                 0x08003025   Thumb Code    20  nmspi.o(i.nm_spi_read_reg_with_ret)
    nm_spi_write_block                       0x08003191   Thumb Code    20  nmspi.o(i.nm_spi_write_block)
    nm_spi_write_reg                         0x080031a5   Thumb Code    20  nmspi.o(i.nm_spi_write_reg)
    nm_write_block                           0x080031b9   Thumb Code    76  nmbus.o(i.nm_write_block)
    nm_write_reg                             0x08003209   Thumb Code     4  nmbus.o(i.nm_write_reg)
    nmi_get_chipid                           0x0800320d   Thumb Code   102  nmasic.o(i.nmi_get_chipid)
    wait_for_bootrom                         0x08003b4d   Thumb Code   140  nmasic.o(i.wait_for_bootrom)
    wait_for_firmware_start                  0x08003be5   Thumb Code    82  nmasic.o(i.wait_for_firmware_start)
    AHBPrescTable                            0x08004086   Data          16  system_stm32f4xx.o(.constdata)
    APBPrescTable                            0x08004096   Data           8  system_stm32f4xx.o(.constdata)
    Region$$Table$$Base                      0x08004178   Number         0  anon$$obj.o(Region$$Table)
    Region$$Table$$Limit                     0x08004198   Number         0  anon$$obj.o(Region$$Table)
    egstrNmBusCapabilities                   0x20000000   Data           2  nm_bus_wrapper_samd21.o(.data)
    pfWifiCb                                 0x20000008   Data           4  m2m_hif.o(.data)
    pfIpCb                                   0x2000000c   Data           4  m2m_hif.o(.data)
    pfOtaCb                                  0x20000010   Data           4  m2m_hif.o(.data)
    pfHifCb                                  0x20000014   Data           4  m2m_hif.o(.data)
    uwTickFreq                               0x2000002c   Data           1  stm32f4xx_hal.o(.data)
    uwTickPrio                               0x20000030   Data           4  stm32f4xx_hal.o(.data)
    uwTick                                   0x20000034   Data           4  stm32f4xx_hal.o(.data)
    SystemCoreClock                          0x20000038   Data           4  system_stm32f4xx.o(.data)
    __stdout                                 0x2000003c   Data           4  stdout.o(.data)
    hspi2                                    0x20000040   Data          88  nm_bus_wrapper_samd21.o(.bss)
    huart2                                   0x20000098   Data          64  main.o(.bss)
    __initial_sp                             0x200004d8   Data           0  startup_stm32f410rx.o(STACK)



==============================================================================

Memory Map of the image

  Image Entry point : 0x080001c9

  Load Region LR_IROM1 (Base: 0x08000000, Size: 0x000041d8, Max: 0x00020000, ABSOLUTE)

    Execution Region ER_IROM1 (Exec base: 0x08000000, Load base: 0x08000000, Size: 0x00004198, Max: 0x00020000, ABSOLUTE)

    Exec Addr    Load Addr    Size         Type   Attr      Idx    E Section Name        Object

    0x08000000   0x08000000   0x000001c8   Data   RO            3    RESET               startup_stm32f410rx.o
    0x080001c8   0x080001c8   0x00000000   Code   RO         3628  * .ARM.Collect$$$$00000000  mc_w.l(entry.o)
    0x080001c8   0x080001c8   0x00000004   Code   RO         3900    .ARM.Collect$$$$00000001  mc_w.l(entry2.o)
    0x080001cc   0x080001cc   0x00000004   Code   RO         3903    .ARM.Collect$$$$00000004  mc_w.l(entry5.o)
    0x080001d0   0x080001d0   0x00000000   Code   RO         3905    .ARM.Collect$$$$00000008  mc_w.l(entry7b.o)
    0x080001d0   0x080001d0   0x00000000   Code   RO         3907    .ARM.Collect$$$$0000000A  mc_w.l(entry8b.o)
    0x080001d0   0x080001d0   0x00000008   Code   RO         3908    .ARM.Collect$$$$0000000B  mc_w.l(entry9a.o)
    0x080001d8   0x080001d8   0x00000004   Code   RO         3915    .ARM.Collect$$$$0000000E  mc_w.l(entry12b.o)
    0x080001dc   0x080001dc   0x00000000   Code   RO         3910    .ARM.Collect$$$$0000000F  mc_w.l(entry10a.o)
    0x080001dc   0x080001dc   0x00000000   Code   RO         3912    .ARM.Collect$$$$00000011  mc_w.l(entry11a.o)
    0x080001dc   0x080001dc   0x00000004   Code   RO         3901    .ARM.Collect$$$$00002712  mc_w.l(entry2.o)
    0x080001e0   0x080001e0   0x00000024   Code   RO            4    .text               startup_stm32f410rx.o
    0x08000204   0x08000204   0x00000062   Code   RO         3631    .text               mc_w.l(uldiv.o)
    0x08000266   0x08000266   0x00000024   Code   RO         3633    .text               mc_w.l(memseta.o)
    0x0800028a   0x0800028a   0x0000000e   Code   RO         3635    .text               mc_w.l(strlen.o)
    0x08000298   0x08000298   0x0000001a   Code   RO         3637    .text               mc_w.l(memcmp.o)
    0x080002b2   0x080002b2   0x0000001e   Code   RO         3919    .text               mc_w.l(llshl.o)
    0x080002d0   0x080002d0   0x00000020   Code   RO         3921    .text               mc_w.l(llushr.o)
    0x080002f0   0x080002f0   0x00000024   Code   RO         3934    .text               mc_w.l(init.o)
    0x08000314   0x08000314   0x00000002   Code   RO         1576    i.BusFault_Handler  stm32f4xx_it.o
    0x08000316   0x08000316   0x00000002   Code   RO         1577    i.DebugMon_Handler  stm32f4xx_it.o
    0x08000318   0x08000318   0x00000024   Code   RO         2980    i.HAL_Delay         stm32f4xx_hal.o
    0x0800033c   0x0800033c   0x00000170   Code   RO         2430    i.HAL_GPIO_Init     stm32f4xx_hal_gpio.o
    0x080004ac   0x080004ac   0x0000000a   Code   RO         2434    i.HAL_GPIO_WritePin  stm32f4xx_hal_gpio.o
    0x080004b6   0x080004b6   0x00000002   PAD
    0x080004b8   0x080004b8   0x0000000c   Code   RO         2986    i.HAL_GetTick       stm32f4xx_hal.o
    0x080004c4   0x080004c4   0x00000010   Code   RO         2992    i.HAL_IncTick       stm32f4xx_hal.o
    0x080004d4   0x080004d4   0x00000034   Code   RO         2993    i.HAL_Init          stm32f4xx_hal.o
    0x08000508   0x08000508   0x00000040   Code   RO         2994    i.HAL_InitTick      stm32f4xx_hal.o
    0x08000548   0x08000548   0x00000034   Code   RO         1651    i.HAL_MspInit       stm32f4xx_hal_msp.o
    0x0800057c   0x0800057c   0x00000040   Code   RO         2849    i.HAL_NVIC_SetPriority  stm32f4xx_hal_cortex.o
    0x080005bc   0x080005bc   0x00000024   Code   RO         2850    i.HAL_NVIC_SetPriorityGrouping  stm32f4xx_hal_cortex.o
    0x080005e0   0x080005e0   0x00000134   Code   RO         2022    i.HAL_RCC_ClockConfig  stm32f4xx_hal_rcc.o
    0x08000714   0x08000714   0x00000020   Code   RO         2029    i.HAL_RCC_GetPCLK1Freq  stm32f4xx_hal_rcc.o
    0x08000734   0x08000734   0x00000020   Code   RO         2030    i.HAL_RCC_GetPCLK2Freq  stm32f4xx_hal_rcc.o
    0x08000754   0x08000754   0x00000060   Code   RO         2031    i.HAL_RCC_GetSysClockFreq  stm32f4xx_hal_rcc.o
    0x080007b4   0x080007b4   0x00000324   Code   RO         2129    i.HAL_RCC_OscConfig  stm32f4xx_hal_rcc_ex.o
    0x08000ad8   0x08000ad8   0x00000080   Code   RO         1710    i.HAL_SPI_Init      stm32f4xx_hal_spi.o
    0x08000b58   0x08000b58   0x00000090   Code   RO         1653    i.HAL_SPI_MspInit   stm32f4xx_hal_msp.o
    0x08000be8   0x08000be8   0x000001e2   Code   RO         1719    i.HAL_SPI_TransmitReceive  stm32f4xx_hal_spi.o
    0x08000dca   0x08000dca   0x00000028   Code   RO         2854    i.HAL_SYSTICK_Config  stm32f4xx_hal_cortex.o
    0x08000df2   0x08000df2   0x00000062   Code   RO         3292    i.HAL_UART_Init     stm32f4xx_hal_uart.o
    0x08000e54   0x08000e54   0x00000068   Code   RO         1655    i.HAL_UART_MspInit  stm32f4xx_hal_msp.o
    0x08000ebc   0x08000ebc   0x00000002   Code   RO         1578    i.HardFault_Handler  stm32f4xx_it.o
    0x08000ebe   0x08000ebe   0x00000002   PAD
    0x08000ec0   0x08000ec0   0x000000f4   Code   RO         1489    i.MX_GPIO_Init      main.o
    0x08000fb4   0x08000fb4   0x00000038   Code   RO         1490    i.MX_SPI2_Init      main.o
    0x08000fec   0x08000fec   0x00000002   Code   RO         1579    i.MemManage_Handler  stm32f4xx_it.o
    0x08000fee   0x08000fee   0x00000002   Code   RO         1580    i.NMI_Handler       stm32f4xx_it.o
    0x08000ff0   0x08000ff0   0x00000002   Code   RO         1581    i.PendSV_Handler    stm32f4xx_it.o
    0x08000ff2   0x08000ff2   0x00000002   PAD
    0x08000ff4   0x08000ff4   0x00000058   Code   RO         1748    i.SPI_EndRxTxTransaction  stm32f4xx_hal_spi.o
    0x0800104c   0x0800104c   0x00000094   Code   RO         1753    i.SPI_WaitFlagStateUntilTimeout  stm32f4xx_hal_spi.o
    0x080010e0   0x080010e0   0x00000002   Code   RO         1582    i.SVC_Handler       stm32f4xx_it.o
    0x080010e2   0x080010e2   0x00000004   Code   RO         1583    i.SysTick_Handler   stm32f4xx_it.o
    0x080010e6   0x080010e6   0x00000002   PAD
    0x080010e8   0x080010e8   0x00000084   Code   RO         1491    i.SystemClock_Config  main.o
    0x0800116c   0x0800116c   0x0000001c   Code   RO         3594    i.SystemInit        system_stm32f4xx.o
    0x08001188   0x08001188   0x00000128   Code   RO         3318    i.UART_SetConfig    stm32f4xx_hal_uart.o
    0x080012b0   0x080012b0   0x00000002   Code   RO         1584    i.UsageFault_Handler  stm32f4xx_it.o
    0x080012b2   0x080012b2   0x00000002   PAD
    0x080012b4   0x080012b4   0x00000020   Code   RO         3846    i.__0printf$8       mc_w.l(printf8.o)
    0x080012d4   0x080012d4   0x00000020   Code   RO         2856    i.__NVIC_SetPriority  stm32f4xx_hal_cortex.o
    0x080012f4   0x080012f4   0x0000000e   Code   RO         3942    i.__scatterload_copy  mc_w.l(handlers.o)
    0x08001302   0x08001302   0x00000002   Code   RO         3943    i.__scatterload_null  mc_w.l(handlers.o)
    0x08001304   0x08001304   0x0000000e   Code   RO         3944    i.__scatterload_zeroinit  mc_w.l(handlers.o)
    0x08001312   0x08001312   0x00000002   PAD
    0x08001314   0x08001314   0x00000404   Code   RO         3853    i._printf_core      mc_w.l(printf8.o)
    0x08001718   0x08001718   0x00000024   Code   RO         3854    i._printf_post_padding  mc_w.l(printf8.o)
    0x0800173c   0x0800173c   0x0000002e   Code   RO         3855    i._printf_pre_padding  mc_w.l(printf8.o)
    0x0800176a   0x0800176a   0x0000002c   Code   RO          895    i.chip_apply_conf   nmasic.o
    0x08001796   0x08001796   0x00000002   PAD
    0x08001798   0x08001798   0x00000114   Code   RO          896    i.chip_deinit       nmasic.o
    0x080018ac   0x080018ac   0x00000048   Code   RO          902    i.enable_interrupts  nmasic.o
    0x080018f4   0x080018f4   0x00000028   Code   RO         1492    i.fputc             main.o
    0x0800191c   0x0800191c   0x0000005c   Code   RO          302    i.hif_chip_sleep    m2m_hif.o
    0x08001978   0x08001978   0x0000003c   Code   RO          303    i.hif_chip_wake     m2m_hif.o
    0x080019b4   0x080019b4   0x00000090   Code   RO          306    i.hif_handle_isr    m2m_hif.o
    0x08001a44   0x08001a44   0x00000030   Code   RO          307    i.hif_init          m2m_hif.o
    0x08001a74   0x08001a74   0x00000368   Code   RO          308    i.hif_isr           m2m_hif.o
    0x08001ddc   0x08001ddc   0x00000120   Code   RO          309    i.hif_receive       m2m_hif.o
    0x08001efc   0x08001efc   0x00000074   Code   RO          310    i.hif_register_cb   m2m_hif.o
    0x08001f70   0x08001f70   0x000001c4   Code   RO          311    i.hif_send          m2m_hif.o
    0x08002134   0x08002134   0x00000028   Code   RO          312    i.hif_set_rx_done   m2m_hif.o
    0x0800215c   0x0800215c   0x00000010   Code   RO          314    i.isr               m2m_hif.o
    0x0800216c   0x0800216c   0x00000002   Code   RO          315    i.m2m_hif_cb        m2m_hif.o
    0x0800216e   0x0800216e   0x00000012   Code   RO          244    i.m2m_memcpy        nm_common.o
    0x08002180   0x08002180   0x0000000e   Code   RO          245    i.m2m_memset        nm_common.o
    0x0800218e   0x0800218e   0x00000014   Code   RO          246    i.m2m_strlen        nm_common.o
    0x080021a2   0x080021a2   0x00000002   PAD
    0x080021a4   0x080021a4   0x00000254   Code   RO          579    i.m2m_wifi_cb       m2m_wifi.o
    0x080023f8   0x080023f8   0x00000010   Code   RO          580    i.m2m_wifi_connect  m2m_wifi.o
    0x08002408   0x08002408   0x0000021c   Code   RO          581    i.m2m_wifi_connect_sc  m2m_wifi.o
    0x08002624   0x08002624   0x0000000c   Code   RO          593    i.m2m_wifi_get_num_ap_found  m2m_wifi.o
    0x08002630   0x08002630   0x00000004   Code   RO          597    i.m2m_wifi_handle_events  m2m_wifi.o
    0x08002634   0x08002634   0x00000048   Code   RO          598    i.m2m_wifi_init     m2m_wifi.o
    0x0800267c   0x0800267c   0x0000001e   Code   RO          603    i.m2m_wifi_req_scan_result  m2m_wifi.o
    0x0800269a   0x0800269a   0x00000004   Code   RO          605    i.m2m_wifi_request_dhcp_client  m2m_wifi.o
    0x0800269e   0x0800269e   0x00000002   PAD
    0x080026a0   0x080026a0   0x00000044   Code   RO          607    i.m2m_wifi_request_scan  m2m_wifi.o
    0x080026e4   0x080026e4   0x000000b8   Code   RO         1493    i.main              main.o
    0x0800279c   0x0800279c   0x0000000a   Code   RO           14    i.nm_bsp_init       nm_bsp_samd21.o
    0x080027a6   0x080027a6   0x00000002   Code   RO           15    i.nm_bsp_interrupt_ctrl  nm_bsp_samd21.o
    0x080027a8   0x080027a8   0x00000002   Code   RO           16    i.nm_bsp_register_isr  nm_bsp_samd21.o
    0x080027aa   0x080027aa   0x00000002   PAD
    0x080027ac   0x080027ac   0x00000044   Code   RO           17    i.nm_bsp_reset      nm_bsp_samd21.o
    0x080027f0   0x080027f0   0x00000004   Code   RO           18    i.nm_bsp_sleep      nm_bsp_samd21.o
    0x080027f4   0x080027f4   0x00000004   Code   RO          174    i.nm_bus_deinit     nm_bus_wrapper_samd21.o
    0x080027f8   0x080027f8   0x00000004   Code   RO         1050    i.nm_bus_iface_deinit  nmbus.o
    0x080027fc   0x080027fc   0x00000004   Code   RO         1051    i.nm_bus_iface_init  nmbus.o
    0x08002800   0x08002800   0x00000012   Code   RO          175    i.nm_bus_init       nm_bus_wrapper_samd21.o
    0x08002812   0x08002812   0x00000002   PAD
    0x08002814   0x08002814   0x00000064   Code   RO          176    i.nm_bus_ioctl      nm_bus_wrapper_samd21.o
    0x08002878   0x08002878   0x00000158   Code   RO          905    i.nm_clkless_wake   nmasic.o
    0x080029d0   0x080029d0   0x0000009c   Code   RO         1135    i.nm_drv_deinit     nmdrv.o
    0x08002a6c   0x08002a6c   0x000001f0   Code   RO         1136    i.nm_drv_init       nmdrv.o
    0x08002c5c   0x08002c5c   0x00000088   Code   RO         1138    i.nm_get_firmware_info  nmdrv.o
    0x08002ce4   0x08002ce4   0x00000050   Code   RO         1053    i.nm_read_block     nmbus.o
    0x08002d34   0x08002d34   0x00000004   Code   RO         1054    i.nm_read_reg       nmbus.o
    0x08002d38   0x08002d38   0x00000004   Code   RO         1055    i.nm_read_reg_with_ret  nmbus.o
    0x08002d3c   0x08002d3c   0x0000000c   Code   RO         1196    i.nm_spi_deinit     nmspi.o
    0x08002d48   0x08002d48   0x00000178   Code   RO         1197    i.nm_spi_init       nmspi.o
    0x08002ec0   0x08002ec0   0x00000144   Code   RO         1198    i.nm_spi_read       nmspi.o
    0x08003004   0x08003004   0x00000014   Code   RO         1199    i.nm_spi_read_block  nmspi.o
    0x08003018   0x08003018   0x0000000c   Code   RO         1200    i.nm_spi_read_reg   nmspi.o
    0x08003024   0x08003024   0x00000014   Code   RO         1201    i.nm_spi_read_reg_with_ret  nmspi.o
    0x08003038   0x08003038   0x00000158   Code   RO         1202    i.nm_spi_write      nmspi.o
    0x08003190   0x08003190   0x00000014   Code   RO         1203    i.nm_spi_write_block  nmspi.o
    0x080031a4   0x080031a4   0x00000014   Code   RO         1204    i.nm_spi_write_reg  nmspi.o
    0x080031b8   0x080031b8   0x00000050   Code   RO         1056    i.nm_write_block    nmbus.o
    0x08003208   0x08003208   0x00000004   Code   RO         1057    i.nm_write_reg      nmbus.o
    0x0800320c   0x0800320c   0x00000070   Code   RO          906    i.nmi_get_chipid    nmasic.o
    0x0800327c   0x0800327c   0x00000016   Code   RO         1205    i.nmi_spi_read      nmspi.o
    0x08003292   0x08003292   0x00000016   Code   RO         1206    i.nmi_spi_write     nmspi.o
    0x080032a8   0x080032a8   0x00000004   Code   RO         1058    i.p_nm_read_block   nmbus.o
    0x080032ac   0x080032ac   0x00000004   Code   RO         1059    i.p_nm_write_block  nmbus.o
    0x080032b0   0x080032b0   0x000001b0   Code   RO         1207    i.spi_cmd           nmspi.o
    0x08003460   0x08003460   0x000000d0   Code   RO         1208    i.spi_cmd_rsp       nmspi.o
    0x08003530   0x08003530   0x000001c0   Code   RO         1209    i.spi_data_read     nmspi.o
    0x080036f0   0x080036f0   0x0000017c   Code   RO         1210    i.spi_data_write    nmspi.o
    0x0800386c   0x0800386c   0x00000154   Code   RO         1211    i.spi_read_reg      nmspi.o
    0x080039c0   0x080039c0   0x00000094   Code   RO          178    i.spi_rw            nm_bus_wrapper_samd21.o
    0x08003a54   0x08003a54   0x000000f8   Code   RO         1212    i.spi_write_reg     nmspi.o
    0x08003b4c   0x08003b4c   0x00000098   Code   RO          916    i.wait_for_bootrom  nmasic.o
    0x08003be4   0x08003be4   0x00000060   Code   RO          917    i.wait_for_firmware_start  nmasic.o
    0x08003c44   0x08003c44   0x00000158   Code   RO         1494    i.wifi_cb           main.o
    0x08003d9c   0x08003d9c   0x0000000d   Data   RO          180    .constdata          nm_bus_wrapper_samd21.o
    0x08003da9   0x08003da9   0x0000003c   Data   RO          316    .constdata          m2m_hif.o
    0x08003de5   0x08003de5   0x000000b2   Data   RO          626    .constdata          m2m_wifi.o
    0x08003e97   0x08003e97   0x0000004a   Data   RO          918    .constdata          nmasic.o
    0x08003ee1   0x08003ee1   0x00000034   Data   RO         1139    .constdata          nmdrv.o
    0x08003f15   0x08003f15   0x00000171   Data   RO         1213    .constdata          nmspi.o
    0x08004086   0x08004086   0x00000010   Data   RO         3595    .constdata          system_stm32f4xx.o
    0x08004096   0x08004096   0x00000008   Data   RO         3596    .constdata          system_stm32f4xx.o
    0x0800409e   0x0800409e   0x00000002   PAD
    0x080040a0   0x080040a0   0x00000088   Data   RO          317    .conststring        m2m_hif.o
    0x08004128   0x08004128   0x00000050   Data   RO         1214    .conststring        nmspi.o
    0x08004178   0x08004178   0x00000020   Data   RO         3940    Region$$Table       anon$$obj.o


    Execution Region RW_IRAM1 (Exec base: 0x20000000, Load base: 0x08004198, Size: 0x000004d8, Max: 0x00008000, ABSOLUTE)

    Exec Addr    Load Addr    Size         Type   Attr      Idx    E Section Name        Object

    0x20000000   0x08004198   0x00000002   Data   RW          181    .data               nm_bus_wrapper_samd21.o
    0x20000002   0x0800419a   0x00000002   PAD
    0x20000004   0x0800419c   0x00000014   Data   RW          318    .data               m2m_hif.o
    0x20000018   0x080041b0   0x00000008   Data   RW          627    .data               m2m_wifi.o
    0x20000020   0x080041b8   0x00000008   Data   RW          919    .data               nmasic.o
    0x20000028   0x080041c0   0x00000001   Data   RW         1215    .data               nmspi.o
    0x20000029   0x080041c1   0x00000002   Data   RW         1496    .data               main.o
    0x2000002b   0x080041c3   0x00000001   PAD
    0x2000002c   0x080041c4   0x0000000c   Data   RW         3000    .data               stm32f4xx_hal.o
    0x20000038   0x080041d0   0x00000004   Data   RW         3597    .data               system_stm32f4xx.o
    0x2000003c   0x080041d4   0x00000004   Data   RW         3916    .data               mc_w.l(stdout.o)
    0x20000040        -       0x00000058   Zero   RW          179    .bss                nm_bus_wrapper_samd21.o
    0x20000098        -       0x00000040   Zero   RW         1495    .bss                main.o
    0x200000d8        -       0x00000400   Zero   RW            1    STACK               startup_stm32f410rx.o


==============================================================================

Image component sizes


      Code (inc. data)   RO Data    RW Data    ZI Data      Debug   Object Name

      2130        670        196         20          0      25901   m2m_hif.o
      1342        302        178          8          0      13377   m2m_wifi.o
      1000        266          0          2         64      49728   main.o
        86          4          0          0          0     330706   nm_bsp_samd21.o
       270         60         13          2         88       5520   nm_bus_wrapper_samd21.o
        52          0          0          0          0       2115   nm_common.o
      1096        282         74          8          0       8388   nmasic.o
       188          8          0          0          0       6183   nmbus.o
       788        320         52          0          0       3409   nmdrv.o
      3248       1430        449          1          0      15901   nmspi.o
        36          8        456          0       1024        856   startup_stm32f410rx.o
       180         28          0         12          0       9689   stm32f4xx_hal.o
       172         14          0          0          0      33346   stm32f4xx_hal_cortex.o
       378         24          0          0          0       2416   stm32f4xx_hal_gpio.o
       300         32          0          0          0       2443   stm32f4xx_hal_msp.o
       468         52          0          0          0       3788   stm32f4xx_hal_rcc.o
       804         26          0          0          0       1884   stm32f4xx_hal_rcc_ex.o
       846          8          0          0          0       4829   stm32f4xx_hal_spi.o
       394         10          0          0          0       2108   stm32f4xx_hal_uart.o
        20          0          0          0          0       4334   stm32f4xx_it.o
        28          6         24          4          0       1215   system_stm32f4xx.o

    ----------------------------------------------------------------------
     13846       3550       1476         60       1176     528136   Object Totals
         0          0         32          0          0          0   (incl. Generated)
        20          0          2          3          0          0   (incl. Padding)

    ----------------------------------------------------------------------

      Code (inc. data)   RO Data    RW Data    ZI Data      Debug   Library Member Name

         0          0          0          0          0          0   entry.o
         0          0          0          0          0          0   entry10a.o
         0          0          0          0          0          0   entry11a.o
         4          0          0          0          0          0   entry12b.o
         8          4          0          0          0          0   entry2.o
         4          0          0          0          0          0   entry5.o
         0          0          0          0          0          0   entry7b.o
         0          0          0          0          0          0   entry8b.o
         8          4          0          0          0          0   entry9a.o
        30          0          0          0          0          0   handlers.o
        36          8          0          0          0         68   init.o
        30          0          0          0          0         68   llshl.o
        32          0          0          0          0         68   llushr.o
        26          0          0          0          0         80   memcmp.o
        36          0          0          0          0        108   memseta.o
      1142         54          0          0          0        352   printf8.o
         0          0          0          4          0          0   stdout.o
        14          0          0          0          0         68   strlen.o
        98          0          0          0          0         92   uldiv.o

    ----------------------------------------------------------------------
      1470         70          0          4          0        904   Library Totals
         2          0          0          0          0          0   (incl. Padding)

    ----------------------------------------------------------------------

      Code (inc. data)   RO Data    RW Data    ZI Data      Debug   Library Name

      1468         70          0          4          0        904   mc_w.l

    ----------------------------------------------------------------------
      1470         70          0          4          0        904   Library Totals

    ----------------------------------------------------------------------

==============================================================================


      Code (inc. data)   RO Data    RW Data    ZI Data      Debug   

     15316       3620       1476         64       1176     518680   Grand Totals
     15316       3620       1476         64       1176     518680   ELF Image Totals
     15316       3620       1476         64          0          0   ROM Totals

==============================================================================

    Total RO  Size (Code + RO Data)                16792 (  16.40kB)
    Total RW  Size (RW Data + ZI Data)              1240 (   1.21kB)
    Total ROM Size (Code + RO Data + RW Data)      16856 (  16.46kB)

==============================================================================

