<html>
<body>
<pre>
<h1>µVision Build Log</h1>
<h2>Tool Versions:</h2>
IDE-Version: µVision V5.32.0.0
Copyright (C) 2020 ARM Ltd and ARM Germany GmbH. All rights reserved.
License Information: Rakibul Islam Chowdhury, Dias Geophysical, LIC=----
 
Tool Versions:
Toolchain:       MDK-Lite  Version: 5.32.0.0
Toolchain Path:  C:\Keil_v5\ARM\ARMCC\Bin
C Compiler:      Armcc.exe V5.06 update 7 (build 960)
Assembler:       Armasm.exe V5.06 update 7 (build 960)
Linker/Locator:  ArmLink.exe V5.06 update 7 (build 960)
Library Manager: ArmAr.exe V5.06 update 7 (build 960)
Hex Converter:   FromElf.exe V5.06 update 7 (build 960)
CPU DLL:         SARMCM3.DLL V5.32.0.0
Dialog DLL:      DCM.DLL V1.17.3.0
Target DLL:      STLink\ST-LINKIII-KEIL_SWO.dll V3.0.8.0
Dialog DLL:      TCM.DLL V1.46.0.0
 
<h2>Project:</h2>
C:\Users\RakibulChowdhury\Documents\stm32CubeMx\tryWinc\MDK-ARM\tryWinc.uvprojx
Project File Date:  10/24/2020

<h2>Output:</h2>
*** Using Compiler 'V5.06 update 7 (build 960)', folder: 'C:\Keil_v5\ARM\ARMCC\Bin'
Rebuild target 'tryWinc'
assembling startup_stm32f410rx.s...
compiling nm_bsp_samd21.c...
compiling m2m_periph.c...
compiling m2m_hif.c...
compiling stm32f4xx_hal_flash.c...
compiling nmspi.c...
compiling stm32f4xx_hal_flash_ramfunc.c...
compiling nm_common.c...
compiling nm_bus_wrapper_samd21.c...
compiling m2m_wifi.c...
..\driver\source\m2m_wifi.c(317): warning:  #186-D: pointless comparison of unsigned integer with zero
  	if(pstrM2MAPConfig->u8ListenChannel > M2M_WIFI_CH_14 || pstrM2MAPConfig->u8ListenChannel < M2M_WIFI_CH_1)
..\driver\source\m2m_wifi.c(397): warning:  #186-D: pointless comparison of unsigned integer with zero
  	 if((ptstrM2MScanOption->u8ProbesPerSlot < 0)||(ptstrM2MScanOption->u8ProbesPerSlot > M2M_SCAN_DEFAULT_NUM_PROBE))
..\driver\source\m2m_wifi.c(660): warning:  #186-D: pointless comparison of unsigned integer with zero
  		if(((ch >= M2M_WIFI_CH_1) && (ch <= M2M_WIFI_CH_14)) || (ch == M2M_WIFI_CH_ALL))
..\driver\source\m2m_wifi.c: 3 warnings, 0 errors
compiling stm32f4xx_hal_msp.c...
compiling stm32f4xx_hal_flash_ex.c...
compiling nmi2c.c...
compiling m2m_ota.c...
compiling stm32f4xx_it.c...
compiling nmuart.c...
compiling nmasic.c...
compiling stm32f4xx_hal_rcc_ex.c...
compiling nmbus.c...
compiling main.c...
compiling socket.c...
compiling nmdrv.c...
compiling stm32f4xx_hal_rcc.c...
compiling stm32f4xx_hal_spi.c...
compiling stm32f4xx_hal_gpio.c...
compiling stm32f4xx_hal_cortex.c...
compiling stm32f4xx_hal_dma_ex.c...
compiling stm32f4xx_hal_dma.c...
compiling stm32f4xx_hal_pwr_ex.c...
compiling stm32f4xx_hal_tim.c...
compiling stm32f4xx_hal_pwr.c...
compiling stm32f4xx_hal_tim_ex.c...
compiling stm32f4xx_hal.c...
compiling stm32f4xx_hal_exti.c...
compiling system_stm32f4xx.c...
compiling stm32f4xx_hal_uart.c...
linking...
Program Size: Code=15316 RO-data=1476 RW-data=64 ZI-data=1176  
FromELF: creating hex file...
"tryWinc\tryWinc.axf" - 0 Error(s), 3 Warning(s).

<h2>Software Packages used:</h2>

Package Vendor: ARM
                http://www.keil.com/pack/ARM.CMSIS.5.7.0.pack
                ARM.CMSIS.5.7.0
                CMSIS (Cortex Microcontroller Software Interface Standard)
   * Component: CORE Version: 5.4.0

Package Vendor: Keil
                http://www.keil.com/pack/Keil.STM32F4xx_DFP.2.15.0.pack
                Keil.STM32F4xx_DFP.2.15.0
                STMicroelectronics STM32F4 Series Device Support, Drivers and Examples

<h2>Collection of Component include folders:</h2>
  .\RTE\_tryWinc
  C:\Users\RakibulChowdhury\AppData\Local\Arm\Packs\ARM\CMSIS\5.7.0\CMSIS\Core\Include
  C:\Users\RakibulChowdhury\AppData\Local\Arm\Packs\Keil\STM32F4xx_DFP\2.15.0\Drivers\CMSIS\Device\ST\STM32F4xx\Include

<h2>Collection of Component Files used:</h2>

   * Component: ARM::CMSIS:CORE:5.4.0
Build Time Elapsed:  00:00:08
</pre>
</body>
</html>
